Archive member included because of file (symbol)

/usr/local/CrossPack-AVR/bin/../lib/gcc/avr/4.5.1/avr5/libgcc.a(_exit.o)
                              /usr/local/CrossPack-AVR/bin/../lib/gcc/avr/4.5.1/../../../../avr/lib/avr5/crtm32u4.o (exit)
/usr/local/CrossPack-AVR/bin/../lib/gcc/avr/4.5.1/avr5/libgcc.a(_copy_data.o)
                              analog.o (__do_copy_data)
/usr/local/CrossPack-AVR/bin/../lib/gcc/avr/4.5.1/avr5/libgcc.a(_clear_bss.o)
                              prezense.o (__do_clear_bss)

Discarded input sections

 .data          0x00000000        0x0 /usr/local/CrossPack-AVR/bin/../lib/gcc/avr/4.5.1/../../../../avr/lib/avr5/crtm32u4.o
 .bss           0x00000000        0x0 /usr/local/CrossPack-AVR/bin/../lib/gcc/avr/4.5.1/../../../../avr/lib/avr5/crtm32u4.o
 .text          0x00000000        0x0 prezense.o
 .data          0x00000000        0x0 prezense.o
 .text.write_to_usb_debug
                0x00000000        0xc prezense.o
 .text          0x00000000        0x0 usb_debug_only.o
 .data          0x00000000        0x0 usb_debug_only.o
 .text.usb_configured
                0x00000000        0x6 usb_debug_only.o
 .text.usb_debug_flush_output
                0x00000000       0x2e usb_debug_only.o
 .text          0x00000000        0x0 print.o
 .data          0x00000000        0x0 print.o
 .bss           0x00000000        0x0 print.o
 .text.phex1    0x00000000       0x12 print.o
 .text.phex     0x00000000       0x18 print.o
 .text.phex16   0x00000000       0x14 print.o
 .text          0x00000000        0x0 analog.o
 .bss           0x00000000        0x0 analog.o
 .text          0x00000000        0x0 /usr/local/CrossPack-AVR/bin/../lib/gcc/avr/4.5.1/avr5/libgcc.a(_exit.o)
 .data          0x00000000        0x0 /usr/local/CrossPack-AVR/bin/../lib/gcc/avr/4.5.1/avr5/libgcc.a(_exit.o)
 .bss           0x00000000        0x0 /usr/local/CrossPack-AVR/bin/../lib/gcc/avr/4.5.1/avr5/libgcc.a(_exit.o)
 .text.libgcc   0x00000000        0x0 /usr/local/CrossPack-AVR/bin/../lib/gcc/avr/4.5.1/avr5/libgcc.a(_exit.o)
 .text          0x00000000        0x0 /usr/local/CrossPack-AVR/bin/../lib/gcc/avr/4.5.1/avr5/libgcc.a(_copy_data.o)
 .data          0x00000000        0x0 /usr/local/CrossPack-AVR/bin/../lib/gcc/avr/4.5.1/avr5/libgcc.a(_copy_data.o)
 .bss           0x00000000        0x0 /usr/local/CrossPack-AVR/bin/../lib/gcc/avr/4.5.1/avr5/libgcc.a(_copy_data.o)
 .text.libgcc   0x00000000        0x0 /usr/local/CrossPack-AVR/bin/../lib/gcc/avr/4.5.1/avr5/libgcc.a(_copy_data.o)
 .text          0x00000000        0x0 /usr/local/CrossPack-AVR/bin/../lib/gcc/avr/4.5.1/avr5/libgcc.a(_clear_bss.o)
 .data          0x00000000        0x0 /usr/local/CrossPack-AVR/bin/../lib/gcc/avr/4.5.1/avr5/libgcc.a(_clear_bss.o)
 .bss           0x00000000        0x0 /usr/local/CrossPack-AVR/bin/../lib/gcc/avr/4.5.1/avr5/libgcc.a(_clear_bss.o)
 .text.libgcc   0x00000000        0x0 /usr/local/CrossPack-AVR/bin/../lib/gcc/avr/4.5.1/avr5/libgcc.a(_clear_bss.o)

Memory Configuration

Name             Origin             Length             Attributes
text             0x00000000         0x00020000         xr
data             0x00800060         0x0000ffa0         rw !x
eeprom           0x00810000         0x00010000         rw !x
fuse             0x00820000         0x00000400         rw !x
lock             0x00830000         0x00000400         rw !x
signature        0x00840000         0x00000400         rw !x
*default*        0x00000000         0xffffffff

Linker script and memory map

Address of section .data set to 0x800100
LOAD /usr/local/CrossPack-AVR/bin/../lib/gcc/avr/4.5.1/../../../../avr/lib/avr5/crtm32u4.o
LOAD prezense.o
LOAD usb_debug_only.o
LOAD print.o
LOAD analog.o
LOAD /usr/local/CrossPack-AVR/bin/../lib/gcc/avr/4.5.1/../../../../avr/lib/avr5/libm.a
LOAD /usr/local/CrossPack-AVR/bin/../lib/gcc/avr/4.5.1/avr5/libgcc.a
LOAD /usr/local/CrossPack-AVR/bin/../lib/gcc/avr/4.5.1/../../../../avr/lib/avr5/libc.a
LOAD /usr/local/CrossPack-AVR/bin/../lib/gcc/avr/4.5.1/avr5/libgcc.a

.hash
 *(.hash)

.dynsym
 *(.dynsym)

.dynstr
 *(.dynstr)

.gnu.version
 *(.gnu.version)

.gnu.version_d
 *(.gnu.version_d)

.gnu.version_r
 *(.gnu.version_r)

.rel.init
 *(.rel.init)

.rela.init
 *(.rela.init)

.rel.text
 *(.rel.text)
 *(.rel.text.*)
 *(.rel.gnu.linkonce.t*)

.rela.text
 *(.rela.text)
 *(.rela.text.*)
 *(.rela.gnu.linkonce.t*)

.rel.fini
 *(.rel.fini)

.rela.fini
 *(.rela.fini)

.rel.rodata
 *(.rel.rodata)
 *(.rel.rodata.*)
 *(.rel.gnu.linkonce.r*)

.rela.rodata
 *(.rela.rodata)
 *(.rela.rodata.*)
 *(.rela.gnu.linkonce.r*)

.rel.data
 *(.rel.data)
 *(.rel.data.*)
 *(.rel.gnu.linkonce.d*)

.rela.data
 *(.rela.data)
 *(.rela.data.*)
 *(.rela.gnu.linkonce.d*)

.rel.ctors
 *(.rel.ctors)

.rela.ctors
 *(.rela.ctors)

.rel.dtors
 *(.rel.dtors)

.rela.dtors
 *(.rela.dtors)

.rel.got
 *(.rel.got)

.rela.got
 *(.rela.got)

.rel.bss
 *(.rel.bss)

.rela.bss
 *(.rela.bss)

.rel.plt
 *(.rel.plt)

.rela.plt
 *(.rela.plt)

.text           0x00000000      0x796
 *(.vectors)
 .vectors       0x00000000       0xac /usr/local/CrossPack-AVR/bin/../lib/gcc/avr/4.5.1/../../../../avr/lib/avr5/crtm32u4.o
                0x00000000                __vectors
                0x00000000                __vector_default
 *(.vectors)
 *(.progmem.gcc*)
 *(.progmem*)
 .progmem.data  0x000000ac        0x6 prezense.o
 .progmem.data  0x000000b2       0xbc usb_debug_only.o
 .progmem.data  0x0000016e        0xc analog.o
                0x0000017a                . = ALIGN (0x2)
                0x0000017a                __trampolines_start = .
 *(.trampolines)
 .trampolines   0x0000017a        0x0 linker stubs
 *(.trampolines*)
                0x0000017a                __trampolines_end = .
 *(.jumptables)
 *(.jumptables*)
 *(.lowtext)
 *(.lowtext*)
                0x0000017a                __ctors_start = .
 *(.ctors)
                0x0000017a                __ctors_end = .
                0x0000017a                __dtors_start = .
 *(.dtors)
                0x0000017a                __dtors_end = .
 SORT(*)(.ctors)
 SORT(*)(.dtors)
 *(.init0)
 .init0         0x0000017a        0x0 /usr/local/CrossPack-AVR/bin/../lib/gcc/avr/4.5.1/../../../../avr/lib/avr5/crtm32u4.o
                0x0000017a                __init
 *(.init0)
 *(.init1)
 *(.init1)
 *(.init2)
 .init2         0x0000017a        0xc /usr/local/CrossPack-AVR/bin/../lib/gcc/avr/4.5.1/../../../../avr/lib/avr5/crtm32u4.o
 *(.init2)
 *(.init3)
 *(.init3)
 *(.init4)
 .init4         0x00000186       0x16 /usr/local/CrossPack-AVR/bin/../lib/gcc/avr/4.5.1/avr5/libgcc.a(_copy_data.o)
                0x00000186                __do_copy_data
 .init4         0x0000019c       0x10 /usr/local/CrossPack-AVR/bin/../lib/gcc/avr/4.5.1/avr5/libgcc.a(_clear_bss.o)
                0x0000019c                __do_clear_bss
 *(.init4)
 *(.init5)
 *(.init5)
 *(.init6)
 *(.init6)
 *(.init7)
 *(.init7)
 *(.init8)
 *(.init8)
 *(.init9)
 .init9         0x000001ac        0x4 /usr/local/CrossPack-AVR/bin/../lib/gcc/avr/4.5.1/../../../../avr/lib/avr5/crtm32u4.o
 *(.init9)
 *(.text)
 .text          0x000001b0        0x2 /usr/local/CrossPack-AVR/bin/../lib/gcc/avr/4.5.1/../../../../avr/lib/avr5/crtm32u4.o
                0x000001b0                __vector_42
                0x000001b0                __vector_22
                0x000001b0                __vector_28
                0x000001b0                __vector_1
                0x000001b0                __vector_32
                0x000001b0                __vector_34
                0x000001b0                __vector_24
                0x000001b0                __vector_12
                0x000001b0                __bad_interrupt
                0x000001b0                __vector_6
                0x000001b0                __vector_31
                0x000001b0                __vector_35
                0x000001b0                __vector_39
                0x000001b0                __vector_3
                0x000001b0                __vector_23
                0x000001b0                __vector_30
                0x000001b0                __vector_25
                0x000001b0                __vector_13
                0x000001b0                __vector_17
                0x000001b0                __vector_19
                0x000001b0                __vector_7
                0x000001b0                __vector_41
                0x000001b0                __vector_27
                0x000001b0                __vector_5
                0x000001b0                __vector_33
                0x000001b0                __vector_37
                0x000001b0                __vector_4
                0x000001b0                __vector_9
                0x000001b0                __vector_2
                0x000001b0                __vector_21
                0x000001b0                __vector_15
                0x000001b0                __vector_36
                0x000001b0                __vector_29
                0x000001b0                __vector_40
                0x000001b0                __vector_8
                0x000001b0                __vector_26
                0x000001b0                __vector_14
                0x000001b0                __vector_16
                0x000001b0                __vector_18
                0x000001b0                __vector_20
                0x000001b0                __vector_38
                0x000001b2                . = ALIGN (0x2)
 *(.text.*)
 .text.turn_on_checking_occupancy
                0x000001b2        0xa prezense.o
                0x000001b2                turn_on_checking_occupancy
 .text.turn_off_checking_occupancy
                0x000001bc        0x8 prezense.o
                0x000001bc                turn_off_checking_occupancy
 .text.turn_on_light
                0x000001c4        0xc prezense.o
                0x000001c4                turn_on_light
 .text.turn_off_light
                0x000001d0        0xa prezense.o
                0x000001d0                turn_off_light
 .text.update_signals
                0x000001da       0x6a prezense.o
                0x000001da                update_signals
 .text.delay    0x00000244       0x54 prezense.o
                0x00000244                delay
 .text.main     0x00000298       0x80 prezense.o
                0x00000298                main
 .text.usb_wait_in_ready
                0x00000318        0xa usb_debug_only.o
 .text.usb_init
                0x00000322       0x2e usb_debug_only.o
                0x00000322                usb_init
 .text.usb_debug_putchar
                0x00000350       0x8c usb_debug_only.o
                0x00000350                usb_debug_putchar
 .text.__vector_10
                0x000003dc       0x7e usb_debug_only.o
                0x000003dc                __vector_10
 .text.__vector_11
                0x0000045a      0x2ac usb_debug_only.o
                0x0000045a                __vector_11
 .text.print_P  0x00000706       0x28 print.o
                0x00000706                print_P
 .text.analog_reference
                0x0000072e        0x8 analog.o
                0x0000072e                analog_reference
 .text.adc_read
                0x00000736       0x40 analog.o
                0x00000736                adc_read
 .text.analog_read
                0x00000776       0x1c analog.o
                0x00000776                analog_read
                0x00000792                . = ALIGN (0x2)
 *(.fini9)
 .fini9         0x00000792        0x0 /usr/local/CrossPack-AVR/bin/../lib/gcc/avr/4.5.1/avr5/libgcc.a(_exit.o)
                0x00000792                exit
                0x00000792                _exit
 *(.fini9)
 *(.fini8)
 *(.fini8)
 *(.fini7)
 *(.fini7)
 *(.fini6)
 *(.fini6)
 *(.fini5)
 *(.fini5)
 *(.fini4)
 *(.fini4)
 *(.fini3)
 *(.fini3)
 *(.fini2)
 *(.fini2)
 *(.fini1)
 *(.fini1)
 *(.fini0)
 .fini0         0x00000792        0x4 /usr/local/CrossPack-AVR/bin/../lib/gcc/avr/4.5.1/avr5/libgcc.a(_exit.o)
 *(.fini0)
                0x00000796                _etext = .

.data           0x00800100        0x2 load address 0x00000796
                0x00800100                PROVIDE (__data_start, .)
 *(.data)
 .data          0x00800100        0x1 analog.o
 *(.data*)
 *(.rodata)
 *(.rodata*)
 *(.gnu.linkonce.d*)
                0x00800102                . = ALIGN (0x2)
 *fill*         0x00800101        0x1 00
                0x00800102                _edata = .
                0x00800102                PROVIDE (__data_end, .)

.bss            0x00800102        0x6
                0x00800102                PROVIDE (__bss_start, .)
 *(.bss)
 .bss           0x00800102        0x3 prezense.o
                0x00800102                is_light_on
                0x00800103                occupied
                0x00800104                checking_occupancy
 .bss           0x00800105        0x3 usb_debug_only.o
 *(.bss*)
 *(COMMON)
                0x00800108                PROVIDE (__bss_end, .)
                0x00000796                __data_load_start = LOADADDR (.data)
                0x00000798                __data_load_end = (__data_load_start + SIZEOF (.data))

.noinit         0x00800108        0x0
                0x00800108                PROVIDE (__noinit_start, .)
 *(.noinit*)
                0x00800108                PROVIDE (__noinit_end, .)
                0x00800108                _end = .
                0x00800108                PROVIDE (__heap_start, .)

.eeprom         0x00810000        0x0
 *(.eeprom*)
                0x00810000                __eeprom_end = .

.fuse
 *(.fuse)
 *(.lfuse)
 *(.hfuse)
 *(.efuse)

.lock
 *(.lock*)

.signature
 *(.signature*)

.stab           0x00000000      0x6cc
 *(.stab)
 .stab          0x00000000      0x6cc /usr/local/CrossPack-AVR/bin/../lib/gcc/avr/4.5.1/../../../../avr/lib/avr5/crtm32u4.o

.stabstr        0x00000000       0x81
 *(.stabstr)
 .stabstr       0x00000000       0x81 /usr/local/CrossPack-AVR/bin/../lib/gcc/avr/4.5.1/../../../../avr/lib/avr5/crtm32u4.o

.stab.excl
 *(.stab.excl)

.stab.exclstr
 *(.stab.exclstr)

.stab.index
 *(.stab.index)

.stab.indexstr
 *(.stab.indexstr)

.comment
 *(.comment)

.debug
 *(.debug)

.line
 *(.line)

.debug_srcinfo
 *(.debug_srcinfo)

.debug_sfnames
 *(.debug_sfnames)

.debug_aranges  0x00000000      0x110
 *(.debug_aranges)
 .debug_aranges
                0x00000000       0x58 prezense.o
 .debug_aranges
                0x00000058       0x50 usb_debug_only.o
 .debug_aranges
                0x000000a8       0x38 print.o
 .debug_aranges
                0x000000e0       0x30 analog.o

.debug_pubnames
                0x00000000      0x1ea
 *(.debug_pubnames)
 .debug_pubnames
                0x00000000       0xe7 prezense.o
 .debug_pubnames
                0x000000e7       0x83 usb_debug_only.o
 .debug_pubnames
                0x0000016a       0x3c print.o
 .debug_pubnames
                0x000001a6       0x44 analog.o

.debug_info     0x00000000      0xb47
 *(.debug_info)
 .debug_info    0x00000000      0x25e prezense.o
 .debug_info    0x0000025e      0x61e usb_debug_only.o
 .debug_info    0x0000087c      0x157 print.o
 .debug_info    0x000009d3      0x174 analog.o
 *(.gnu.linkonce.wi.*)

.debug_abbrev   0x00000000      0x40b
 *(.debug_abbrev)
 .debug_abbrev  0x00000000      0x104 prezense.o
 .debug_abbrev  0x00000104      0x186 usb_debug_only.o
 .debug_abbrev  0x0000028a       0xab print.o
 .debug_abbrev  0x00000335       0xd6 analog.o

.debug_line     0x00000000      0xd09
 *(.debug_line)
 .debug_line    0x00000000      0x365 prezense.o
 .debug_line    0x00000365      0x6ef usb_debug_only.o
 .debug_line    0x00000a54      0x16f print.o
 .debug_line    0x00000bc3      0x146 analog.o

.debug_frame    0x00000000      0x1a0
 *(.debug_frame)
 .debug_frame   0x00000000       0x90 prezense.o
 .debug_frame   0x00000090       0x80 usb_debug_only.o
 .debug_frame   0x00000110       0x50 print.o
 .debug_frame   0x00000160       0x40 analog.o

.debug_str      0x00000000      0x3fa
 *(.debug_str)
 .debug_str     0x00000000      0x190 prezense.o
                                0x1e4 (size before relaxing)
 .debug_str     0x00000190      0x204 usb_debug_only.o
                                0x300 (size before relaxing)
 .debug_str     0x00000394       0x22 print.o
                                0x116 (size before relaxing)
 .debug_str     0x000003b6       0x44 analog.o
                                0x13b (size before relaxing)

.debug_loc      0x00000000      0x9d1
 *(.debug_loc)
 .debug_loc     0x00000000      0x11b prezense.o
 .debug_loc     0x0000011b      0x741 usb_debug_only.o
 .debug_loc     0x0000085c       0xec print.o
 .debug_loc     0x00000948       0x89 analog.o

.debug_macinfo
 *(.debug_macinfo)
OUTPUT(prezense.elf elf32-avr)
LOAD linker stubs

.debug_pubtypes
                0x00000000      0x113
 .debug_pubtypes
                0x00000000       0x33 prezense.o
 .debug_pubtypes
                0x00000033       0x7e usb_debug_only.o
 .debug_pubtypes
                0x000000b1       0x2b print.o
 .debug_pubtypes
                0x000000dc       0x37 analog.o

.debug_ranges   0x00000000      0x100
 .debug_ranges  0x00000000       0x48 prezense.o
 .debug_ranges  0x00000048       0x70 usb_debug_only.o
 .debug_ranges  0x000000b8       0x28 print.o
 .debug_ranges  0x000000e0       0x20 analog.o

Cross Reference Table

Symbol                                            File
__bad_interrupt                                   /usr/local/CrossPack-AVR/bin/../lib/gcc/avr/4.5.1/../../../../avr/lib/avr5/crtm32u4.o
__bss_end                                         /usr/local/CrossPack-AVR/bin/../lib/gcc/avr/4.5.1/avr5/libgcc.a(_clear_bss.o)
__bss_start                                       /usr/local/CrossPack-AVR/bin/../lib/gcc/avr/4.5.1/avr5/libgcc.a(_clear_bss.o)
__data_end                                        /usr/local/CrossPack-AVR/bin/../lib/gcc/avr/4.5.1/avr5/libgcc.a(_copy_data.o)
__data_load_start                                 /usr/local/CrossPack-AVR/bin/../lib/gcc/avr/4.5.1/avr5/libgcc.a(_copy_data.o)
__data_start                                      /usr/local/CrossPack-AVR/bin/../lib/gcc/avr/4.5.1/avr5/libgcc.a(_copy_data.o)
__do_clear_bss                                    /usr/local/CrossPack-AVR/bin/../lib/gcc/avr/4.5.1/avr5/libgcc.a(_clear_bss.o)
                                                  usb_debug_only.o
                                                  prezense.o
__do_copy_data                                    /usr/local/CrossPack-AVR/bin/../lib/gcc/avr/4.5.1/avr5/libgcc.a(_copy_data.o)
                                                  analog.o
__heap_end                                        /usr/local/CrossPack-AVR/bin/../lib/gcc/avr/4.5.1/../../../../avr/lib/avr5/crtm32u4.o
__init                                            /usr/local/CrossPack-AVR/bin/../lib/gcc/avr/4.5.1/../../../../avr/lib/avr5/crtm32u4.o
__stack                                           /usr/local/CrossPack-AVR/bin/../lib/gcc/avr/4.5.1/../../../../avr/lib/avr5/crtm32u4.o
__vector_1                                        /usr/local/CrossPack-AVR/bin/../lib/gcc/avr/4.5.1/../../../../avr/lib/avr5/crtm32u4.o
__vector_10                                       usb_debug_only.o
                                                  /usr/local/CrossPack-AVR/bin/../lib/gcc/avr/4.5.1/../../../../avr/lib/avr5/crtm32u4.o
__vector_11                                       usb_debug_only.o
                                                  /usr/local/CrossPack-AVR/bin/../lib/gcc/avr/4.5.1/../../../../avr/lib/avr5/crtm32u4.o
__vector_12                                       /usr/local/CrossPack-AVR/bin/../lib/gcc/avr/4.5.1/../../../../avr/lib/avr5/crtm32u4.o
__vector_13                                       /usr/local/CrossPack-AVR/bin/../lib/gcc/avr/4.5.1/../../../../avr/lib/avr5/crtm32u4.o
__vector_14                                       /usr/local/CrossPack-AVR/bin/../lib/gcc/avr/4.5.1/../../../../avr/lib/avr5/crtm32u4.o
__vector_15                                       /usr/local/CrossPack-AVR/bin/../lib/gcc/avr/4.5.1/../../../../avr/lib/avr5/crtm32u4.o
__vector_16                                       /usr/local/CrossPack-AVR/bin/../lib/gcc/avr/4.5.1/../../../../avr/lib/avr5/crtm32u4.o
__vector_17                                       /usr/local/CrossPack-AVR/bin/../lib/gcc/avr/4.5.1/../../../../avr/lib/avr5/crtm32u4.o
__vector_18                                       /usr/local/CrossPack-AVR/bin/../lib/gcc/avr/4.5.1/../../../../avr/lib/avr5/crtm32u4.o
__vector_19                                       /usr/local/CrossPack-AVR/bin/../lib/gcc/avr/4.5.1/../../../../avr/lib/avr5/crtm32u4.o
__vector_2                                        /usr/local/CrossPack-AVR/bin/../lib/gcc/avr/4.5.1/../../../../avr/lib/avr5/crtm32u4.o
__vector_20                                       /usr/local/CrossPack-AVR/bin/../lib/gcc/avr/4.5.1/../../../../avr/lib/avr5/crtm32u4.o
__vector_21                                       /usr/local/CrossPack-AVR/bin/../lib/gcc/avr/4.5.1/../../../../avr/lib/avr5/crtm32u4.o
__vector_22                                       /usr/local/CrossPack-AVR/bin/../lib/gcc/avr/4.5.1/../../../../avr/lib/avr5/crtm32u4.o
__vector_23                                       /usr/local/CrossPack-AVR/bin/../lib/gcc/avr/4.5.1/../../../../avr/lib/avr5/crtm32u4.o
__vector_24                                       /usr/local/CrossPack-AVR/bin/../lib/gcc/avr/4.5.1/../../../../avr/lib/avr5/crtm32u4.o
__vector_25                                       /usr/local/CrossPack-AVR/bin/../lib/gcc/avr/4.5.1/../../../../avr/lib/avr5/crtm32u4.o
__vector_26                                       /usr/local/CrossPack-AVR/bin/../lib/gcc/avr/4.5.1/../../../../avr/lib/avr5/crtm32u4.o
__vector_27                                       /usr/local/CrossPack-AVR/bin/../lib/gcc/avr/4.5.1/../../../../avr/lib/avr5/crtm32u4.o
__vector_28                                       /usr/local/CrossPack-AVR/bin/../lib/gcc/avr/4.5.1/../../../../avr/lib/avr5/crtm32u4.o
__vector_29                                       /usr/local/CrossPack-AVR/bin/../lib/gcc/avr/4.5.1/../../../../avr/lib/avr5/crtm32u4.o
__vector_3                                        /usr/local/CrossPack-AVR/bin/../lib/gcc/avr/4.5.1/../../../../avr/lib/avr5/crtm32u4.o
__vector_30                                       /usr/local/CrossPack-AVR/bin/../lib/gcc/avr/4.5.1/../../../../avr/lib/avr5/crtm32u4.o
__vector_31                                       /usr/local/CrossPack-AVR/bin/../lib/gcc/avr/4.5.1/../../../../avr/lib/avr5/crtm32u4.o
__vector_32                                       /usr/local/CrossPack-AVR/bin/../lib/gcc/avr/4.5.1/../../../../avr/lib/avr5/crtm32u4.o
__vector_33                                       /usr/local/CrossPack-AVR/bin/../lib/gcc/avr/4.5.1/../../../../avr/lib/avr5/crtm32u4.o
__vector_34                                       /usr/local/CrossPack-AVR/bin/../lib/gcc/avr/4.5.1/../../../../avr/lib/avr5/crtm32u4.o
__vector_35                                       /usr/local/CrossPack-AVR/bin/../lib/gcc/avr/4.5.1/../../../../avr/lib/avr5/crtm32u4.o
__vector_36                                       /usr/local/CrossPack-AVR/bin/../lib/gcc/avr/4.5.1/../../../../avr/lib/avr5/crtm32u4.o
__vector_37                                       /usr/local/CrossPack-AVR/bin/../lib/gcc/avr/4.5.1/../../../../avr/lib/avr5/crtm32u4.o
__vector_38                                       /usr/local/CrossPack-AVR/bin/../lib/gcc/avr/4.5.1/../../../../avr/lib/avr5/crtm32u4.o
__vector_39                                       /usr/local/CrossPack-AVR/bin/../lib/gcc/avr/4.5.1/../../../../avr/lib/avr5/crtm32u4.o
__vector_4                                        /usr/local/CrossPack-AVR/bin/../lib/gcc/avr/4.5.1/../../../../avr/lib/avr5/crtm32u4.o
__vector_40                                       /usr/local/CrossPack-AVR/bin/../lib/gcc/avr/4.5.1/../../../../avr/lib/avr5/crtm32u4.o
__vector_41                                       /usr/local/CrossPack-AVR/bin/../lib/gcc/avr/4.5.1/../../../../avr/lib/avr5/crtm32u4.o
__vector_42                                       /usr/local/CrossPack-AVR/bin/../lib/gcc/avr/4.5.1/../../../../avr/lib/avr5/crtm32u4.o
__vector_5                                        /usr/local/CrossPack-AVR/bin/../lib/gcc/avr/4.5.1/../../../../avr/lib/avr5/crtm32u4.o
__vector_6                                        /usr/local/CrossPack-AVR/bin/../lib/gcc/avr/4.5.1/../../../../avr/lib/avr5/crtm32u4.o
__vector_7                                        /usr/local/CrossPack-AVR/bin/../lib/gcc/avr/4.5.1/../../../../avr/lib/avr5/crtm32u4.o
__vector_8                                        /usr/local/CrossPack-AVR/bin/../lib/gcc/avr/4.5.1/../../../../avr/lib/avr5/crtm32u4.o
__vector_9                                        /usr/local/CrossPack-AVR/bin/../lib/gcc/avr/4.5.1/../../../../avr/lib/avr5/crtm32u4.o
__vector_default                                  /usr/local/CrossPack-AVR/bin/../lib/gcc/avr/4.5.1/../../../../avr/lib/avr5/crtm32u4.o
__vectors                                         /usr/local/CrossPack-AVR/bin/../lib/gcc/avr/4.5.1/../../../../avr/lib/avr5/crtm32u4.o
_exit                                             /usr/local/CrossPack-AVR/bin/../lib/gcc/avr/4.5.1/avr5/libgcc.a(_exit.o)
adc_read                                          analog.o
analog_read                                       analog.o
                                                  prezense.o
analog_reference                                  analog.o
                                                  prezense.o
checking_occupancy                                prezense.o
delay                                             prezense.o
exit                                              /usr/local/CrossPack-AVR/bin/../lib/gcc/avr/4.5.1/avr5/libgcc.a(_exit.o)
                                                  /usr/local/CrossPack-AVR/bin/../lib/gcc/avr/4.5.1/../../../../avr/lib/avr5/crtm32u4.o
is_light_on                                       prezense.o
main                                              prezense.o
                                                  /usr/local/CrossPack-AVR/bin/../lib/gcc/avr/4.5.1/../../../../avr/lib/avr5/crtm32u4.o
occupied                                          prezense.o
phex                                              print.o
phex1                                             print.o
phex16                                            print.o
print_P                                           print.o
                                                  prezense.o
turn_off_checking_occupancy                       prezense.o
turn_off_light                                    prezense.o
turn_on_checking_occupancy                        prezense.o
turn_on_light                                     prezense.o
update_signals                                    prezense.o
usb_configured                                    usb_debug_only.o
usb_debug_flush_output                            usb_debug_only.o
                                                  prezense.o
usb_debug_putchar                                 usb_debug_only.o
                                                  print.o
                                                  prezense.o
usb_init                                          usb_debug_only.o
                                                  prezense.o
write_to_usb_debug                                prezense.o
