   1               		.file	"HVACGarage.c"
   2               	__SREG__ = 0x3f
   3               	__SP_H__ = 0x3e
   4               	__SP_L__ = 0x3d
   5               	__CCP__  = 0x34
   6               	__tmp_reg__ = 0
   7               	__zero_reg__ = 1
  15               	.Ltext0:
  16               		.section	.text.initializeHVACGarage,"ax",@progbits
  17               	.global	initializeHVACGarage
  19               	initializeHVACGarage:
  20               	.LFB6:
  21               	.LSM0:
  22               	/* prologue: function */
  23               	/* frame size = 0 */
  24               	.LSM1:
  25 0000 549A      		sbi 42-32,4
  26               	.LSM2:
  27 0002 559A      		sbi 42-32,5
  28               	.LSM3:
  29 0004 569A      		sbi 42-32,6
  30               	.LSM4:
  31 0006 579A      		sbi 42-32,7
  32               	.LSM5:
  33 0008 3998      		cbi 39-32,1
  34               	.LSM6:
  35 000a 6998      		cbi 45-32,1
  36               	.LSM7:
  37 000c 3898      		cbi 39-32,0
  38               	/* epilogue start */
  39               	.LSM8:
  40 000e 0895      		ret
  41               	.LFE6:
  43               		.section	.text.PulseGarage,"ax",@progbits
  44               	.global	PulseGarage
  46               	PulseGarage:
  47               	.LFB7:
  48               	.LSM9:
  49               	/* prologue: function */
  50               	/* frame size = 0 */
  51               	.LSM10:
  52 0000 5C9A      		sbi 43-32,4
  53               	.LSM11:
  54 0002 5C98      		cbi 43-32,4
  55               	/* epilogue start */
  56               	.LSM12:
  57 0004 0895      		ret
  58               	.LFE7:
  60               		.section	.text.ReadGFan,"ax",@progbits
  61               	.global	ReadGFan
  63               	ReadGFan:
  64               	.LFB8:
  65               	.LSM13:
  66               	/* prologue: function */
  67               	/* frame size = 0 */
  68               	.LSM14:
  69 0000 86B1      		in r24,38-32
  70               	.LSM15:
  71 0002 8270      		andi r24,lo8(2)
  72               	/* epilogue start */
  73 0004 0895      		ret
  74               	.LFE8:
  76               		.section	.text.ReadWHeat,"ax",@progbits
  77               	.global	ReadWHeat
  79               	ReadWHeat:
  80               	.LFB9:
  81               	.LSM16:
  82               	/* prologue: function */
  83               	/* frame size = 0 */
  84               	.LSM17:
  85 0000 8CB1      		in r24,44-32
  86               	.LSM18:
  87 0002 8270      		andi r24,lo8(2)
  88               	/* epilogue start */
  89 0004 0895      		ret
  90               	.LFE9:
  92               		.section	.text.ReadYCool,"ax",@progbits
  93               	.global	ReadYCool
  95               	ReadYCool:
  96               	.LFB10:
  97               	.LSM19:
  98               	/* prologue: function */
  99               	/* frame size = 0 */
 100               	.LSM20:
 101 0000 86B1      		in r24,38-32
 102               	.LSM21:
 103 0002 8170      		andi r24,lo8(1)
 104               	/* epilogue start */
 105 0004 0895      		ret
 106               	.LFE10:
 108               		.section	.text.SetGFan,"ax",@progbits
 109               	.global	SetGFan
 111               	SetGFan:
 112               	.LFB11:
 113               	.LSM22:
 114               	.LVL0:
 115               	/* prologue: function */
 116               	/* frame size = 0 */
 117               	.LSM23:
 118 0000 8130      		cpi r24,lo8(1)
 119 0002 01F4      		brne .L12
 120               	.LSM24:
 121 0004 5D9A      		sbi 43-32,5
 122               	.LSM25:
 123 0006 81E0      		ldi r24,lo8(1)
 124 0008 90E0      		ldi r25,hi8(1)
 125               	.LVL1:
 126 000a 9093 0000 		sts (GFanStatus)+1,r25
 127 000e 8093 0000 		sts GFanStatus,r24
 128 0012 0895      		ret
 129               	.LVL2:
 130               	.L12:
 131               	.LSM26:
 132 0014 5D98      		cbi 43-32,5
 133               	.LSM27:
 134 0016 1092 0000 		sts (GFanStatus)+1,__zero_reg__
 135 001a 1092 0000 		sts GFanStatus,__zero_reg__
 136 001e 0895      		ret
 137               	.LFE11:
 139               		.section	.text.SetWHeat,"ax",@progbits
 140               	.global	SetWHeat
 142               	SetWHeat:
 143               	.LFB12:
 144               	.LSM28:
 145               	.LVL3:
 146               	/* prologue: function */
 147               	/* frame size = 0 */
 148               	.LSM29:
 149 0000 8130      		cpi r24,lo8(1)
 150 0002 01F4      		brne .L16
 151               	.LSM30:
 152 0004 5E9A      		sbi 43-32,6
 153               	.LSM31:
 154 0006 81E0      		ldi r24,lo8(1)
 155 0008 90E0      		ldi r25,hi8(1)
 156               	.LVL4:
 157 000a 9093 0000 		sts (WHeatStatus)+1,r25
 158 000e 8093 0000 		sts WHeatStatus,r24
 159 0012 0895      		ret
 160               	.LVL5:
 161               	.L16:
 162               	.LSM32:
 163 0014 5E98      		cbi 43-32,6
 164               	.LSM33:
 165 0016 1092 0000 		sts (WHeatStatus)+1,__zero_reg__
 166 001a 1092 0000 		sts WHeatStatus,__zero_reg__
 167 001e 0895      		ret
 168               	.LFE12:
 170               		.section	.text.SetYCool,"ax",@progbits
 171               	.global	SetYCool
 173               	SetYCool:
 174               	.LFB13:
 175               	.LSM34:
 176               	.LVL6:
 177               	/* prologue: function */
 178               	/* frame size = 0 */
 179               	.LSM35:
 180 0000 8130      		cpi r24,lo8(1)
 181 0002 01F4      		brne .L20
 182               	.LSM36:
 183 0004 5F9A      		sbi 43-32,7
 184               	.LSM37:
 185 0006 81E0      		ldi r24,lo8(1)
 186 0008 90E0      		ldi r25,hi8(1)
 187               	.LVL7:
 188 000a 9093 0000 		sts (YCoolStatus)+1,r25
 189 000e 8093 0000 		sts YCoolStatus,r24
 190 0012 0895      		ret
 191               	.LVL8:
 192               	.L20:
 193               	.LSM38:
 194 0014 5F98      		cbi 43-32,7
 195               	.LSM39:
 196 0016 1092 0000 		sts (YCoolStatus)+1,__zero_reg__
 197 001a 1092 0000 		sts YCoolStatus,__zero_reg__
 198 001e 0895      		ret
 199               	.LFE13:
 201               		.section	.text.SetHVAC,"ax",@progbits
 202               	.global	SetHVAC
 204               	SetHVAC:
 205               	.LFB14:
 206               	.LSM40:
 207               	.LVL9:
 208               	/* prologue: function */
 209               	/* frame size = 0 */
 210               	.LSM41:
 211 0000 8130      		cpi r24,lo8(1)
 212 0002 01F4      		brne .L24
 213               	.LSM42:
 214 0004 709A      		sbi 46-32,0
 215               	.LSM43:
 216 0006 81E0      		ldi r24,lo8(1)
 217 0008 90E0      		ldi r25,hi8(1)
 218               	.LVL10:
 219 000a 9093 0000 		sts (HVACStatus)+1,r25
 220 000e 8093 0000 		sts HVACStatus,r24
 221 0012 0895      		ret
 222               	.LVL11:
 223               	.L24:
 224               	.LSM44:
 225 0014 7098      		cbi 46-32,0
 226               	.LSM45:
 227 0016 1092 0000 		sts (HVACStatus)+1,__zero_reg__
 228 001a 1092 0000 		sts HVACStatus,__zero_reg__
 229 001e 0895      		ret
 230               	.LFE14:
 232               		.comm GFanStatus,2,1
 233               		.comm WHeatStatus,2,1
 234               		.comm YCoolStatus,2,1
 235               		.comm HVACStatus,2,1
 324               	.Letext0:
DEFINED SYMBOLS
                            *ABS*:00000000 HVACGarage.c
C:\Users\laptop\AppData\Local\Temp/ccHAJ2me.s:2      *ABS*:0000003f __SREG__
C:\Users\laptop\AppData\Local\Temp/ccHAJ2me.s:3      *ABS*:0000003e __SP_H__
C:\Users\laptop\AppData\Local\Temp/ccHAJ2me.s:4      *ABS*:0000003d __SP_L__
C:\Users\laptop\AppData\Local\Temp/ccHAJ2me.s:5      *ABS*:00000034 __CCP__
C:\Users\laptop\AppData\Local\Temp/ccHAJ2me.s:6      *ABS*:00000000 __tmp_reg__
C:\Users\laptop\AppData\Local\Temp/ccHAJ2me.s:7      *ABS*:00000001 __zero_reg__
C:\Users\laptop\AppData\Local\Temp/ccHAJ2me.s:19     .text.initializeHVACGarage:00000000 initializeHVACGarage
C:\Users\laptop\AppData\Local\Temp/ccHAJ2me.s:46     .text.PulseGarage:00000000 PulseGarage
C:\Users\laptop\AppData\Local\Temp/ccHAJ2me.s:63     .text.ReadGFan:00000000 ReadGFan
C:\Users\laptop\AppData\Local\Temp/ccHAJ2me.s:79     .text.ReadWHeat:00000000 ReadWHeat
C:\Users\laptop\AppData\Local\Temp/ccHAJ2me.s:95     .text.ReadYCool:00000000 ReadYCool
C:\Users\laptop\AppData\Local\Temp/ccHAJ2me.s:111    .text.SetGFan:00000000 SetGFan
                            *COM*:00000002 GFanStatus
C:\Users\laptop\AppData\Local\Temp/ccHAJ2me.s:142    .text.SetWHeat:00000000 SetWHeat
                            *COM*:00000002 WHeatStatus
C:\Users\laptop\AppData\Local\Temp/ccHAJ2me.s:173    .text.SetYCool:00000000 SetYCool
                            *COM*:00000002 YCoolStatus
C:\Users\laptop\AppData\Local\Temp/ccHAJ2me.s:204    .text.SetHVAC:00000000 SetHVAC
                            *COM*:00000002 HVACStatus

UNDEFINED SYMBOLS
__do_clear_bss
