Archive member included because of file (symbol)

/usr/local/CrossPack-AVR-20120217/lib/gcc/avr/4.5.1/avr5/libgcc.a(_exit.o)
                              /usr/local/CrossPack-AVR-20120217/lib/gcc/avr/4.5.1/../../../../avr/lib/avr5/crtm32u4.o (exit)
/usr/local/CrossPack-AVR-20120217/lib/gcc/avr/4.5.1/avr5/libgcc.a(_copy_data.o)
                              analog.o (__do_copy_data)
/usr/local/CrossPack-AVR-20120217/lib/gcc/avr/4.5.1/avr5/libgcc.a(_clear_bss.o)
                              usb_debug_only.o (__do_clear_bss)

Discarded input sections

 .data          0x00000000        0x0 /usr/local/CrossPack-AVR-20120217/lib/gcc/avr/4.5.1/../../../../avr/lib/avr5/crtm32u4.o
 .bss           0x00000000        0x0 /usr/local/CrossPack-AVR-20120217/lib/gcc/avr/4.5.1/../../../../avr/lib/avr5/crtm32u4.o
 .text          0x00000000        0x0 lightsensordriver.o
 .data          0x00000000        0x0 lightsensordriver.o
 .bss           0x00000000        0x0 lightsensordriver.o
 .text.write_to_usb_debug
                0x00000000        0xc lightsensordriver.o
 .text          0x00000000        0x0 usb_debug_only.o
 .data          0x00000000        0x0 usb_debug_only.o
 .text.usb_configured
                0x00000000        0x6 usb_debug_only.o
 .text.usb_debug_flush_output
                0x00000000       0x2e usb_debug_only.o
 .text          0x00000000        0x0 print.o
 .data          0x00000000        0x0 print.o
 .bss           0x00000000        0x0 print.o
 .text          0x00000000        0x0 analog.o
 .bss           0x00000000        0x0 analog.o
 .text          0x00000000        0x0 /usr/local/CrossPack-AVR-20120217/lib/gcc/avr/4.5.1/avr5/libgcc.a(_exit.o)
 .data          0x00000000        0x0 /usr/local/CrossPack-AVR-20120217/lib/gcc/avr/4.5.1/avr5/libgcc.a(_exit.o)
 .bss           0x00000000        0x0 /usr/local/CrossPack-AVR-20120217/lib/gcc/avr/4.5.1/avr5/libgcc.a(_exit.o)
 .text.libgcc   0x00000000        0x0 /usr/local/CrossPack-AVR-20120217/lib/gcc/avr/4.5.1/avr5/libgcc.a(_exit.o)
 .text          0x00000000        0x0 /usr/local/CrossPack-AVR-20120217/lib/gcc/avr/4.5.1/avr5/libgcc.a(_copy_data.o)
 .data          0x00000000        0x0 /usr/local/CrossPack-AVR-20120217/lib/gcc/avr/4.5.1/avr5/libgcc.a(_copy_data.o)
 .bss           0x00000000        0x0 /usr/local/CrossPack-AVR-20120217/lib/gcc/avr/4.5.1/avr5/libgcc.a(_copy_data.o)
 .text.libgcc   0x00000000        0x0 /usr/local/CrossPack-AVR-20120217/lib/gcc/avr/4.5.1/avr5/libgcc.a(_copy_data.o)
 .text          0x00000000        0x0 /usr/local/CrossPack-AVR-20120217/lib/gcc/avr/4.5.1/avr5/libgcc.a(_clear_bss.o)
 .data          0x00000000        0x0 /usr/local/CrossPack-AVR-20120217/lib/gcc/avr/4.5.1/avr5/libgcc.a(_clear_bss.o)
 .bss           0x00000000        0x0 /usr/local/CrossPack-AVR-20120217/lib/gcc/avr/4.5.1/avr5/libgcc.a(_clear_bss.o)
 .text.libgcc   0x00000000        0x0 /usr/local/CrossPack-AVR-20120217/lib/gcc/avr/4.5.1/avr5/libgcc.a(_clear_bss.o)

Memory Configuration

Name             Origin             Length             Attributes
text             0x00000000         0x00020000         xr
data             0x00800060         0x0000ffa0         rw !x
eeprom           0x00810000         0x00010000         rw !x
fuse             0x00820000         0x00000400         rw !x
lock             0x00830000         0x00000400         rw !x
signature        0x00840000         0x00000400         rw !x
*default*        0x00000000         0xffffffff

Linker script and memory map

Address of section .data set to 0x800100
LOAD /usr/local/CrossPack-AVR-20120217/lib/gcc/avr/4.5.1/../../../../avr/lib/avr5/crtm32u4.o
LOAD lightsensordriver.o
LOAD usb_debug_only.o
LOAD print.o
LOAD analog.o
LOAD /usr/local/CrossPack-AVR-20120217/lib/gcc/avr/4.5.1/../../../../avr/lib/avr5/libm.a
LOAD /usr/local/CrossPack-AVR-20120217/lib/gcc/avr/4.5.1/avr5/libgcc.a
LOAD /usr/local/CrossPack-AVR-20120217/lib/gcc/avr/4.5.1/../../../../avr/lib/avr5/libc.a
LOAD /usr/local/CrossPack-AVR-20120217/lib/gcc/avr/4.5.1/avr5/libgcc.a

.hash
 *(.hash)

.dynsym
 *(.dynsym)

.dynstr
 *(.dynstr)

.gnu.version
 *(.gnu.version)

.gnu.version_d
 *(.gnu.version_d)

.gnu.version_r
 *(.gnu.version_r)

.rel.init
 *(.rel.init)

.rela.init
 *(.rela.init)

.rel.text
 *(.rel.text)
 *(.rel.text.*)
 *(.rel.gnu.linkonce.t*)

.rela.text
 *(.rela.text)
 *(.rela.text.*)
 *(.rela.gnu.linkonce.t*)

.rel.fini
 *(.rel.fini)

.rela.fini
 *(.rela.fini)

.rel.rodata
 *(.rel.rodata)
 *(.rel.rodata.*)
 *(.rel.gnu.linkonce.r*)

.rela.rodata
 *(.rela.rodata)
 *(.rela.rodata.*)
 *(.rela.gnu.linkonce.r*)

.rel.data
 *(.rel.data)
 *(.rel.data.*)
 *(.rel.gnu.linkonce.d*)

.rela.data
 *(.rela.data)
 *(.rela.data.*)
 *(.rela.gnu.linkonce.d*)

.rel.ctors
 *(.rel.ctors)

.rela.ctors
 *(.rela.ctors)

.rel.dtors
 *(.rel.dtors)

.rela.dtors
 *(.rela.dtors)

.rel.got
 *(.rel.got)

.rela.got
 *(.rela.got)

.rel.bss
 *(.rel.bss)

.rela.bss
 *(.rela.bss)

.rel.plt
 *(.rel.plt)

.rela.plt
 *(.rela.plt)

.text           0x00000000      0x6d2
 *(.vectors)
 .vectors       0x00000000       0xac /usr/local/CrossPack-AVR-20120217/lib/gcc/avr/4.5.1/../../../../avr/lib/avr5/crtm32u4.o
                0x00000000                __vectors
                0x00000000                __vector_default
 *(.vectors)
 *(.progmem.gcc*)
 *(.progmem*)
 .progmem.data  0x000000ac        0x9 lightsensordriver.o
 .progmem.data  0x000000b5       0xbc usb_debug_only.o
 .progmem.data  0x00000171        0xc analog.o
                0x0000017e                . = ALIGN (0x2)
 *fill*         0x0000017d        0x1 00
                0x0000017e                __trampolines_start = .
 *(.trampolines)
 .trampolines   0x0000017e        0x0 linker stubs
 *(.trampolines*)
                0x0000017e                __trampolines_end = .
 *(.jumptables)
 *(.jumptables*)
 *(.lowtext)
 *(.lowtext*)
                0x0000017e                __ctors_start = .
 *(.ctors)
                0x0000017e                __ctors_end = .
                0x0000017e                __dtors_start = .
 *(.dtors)
                0x0000017e                __dtors_end = .
 SORT(*)(.ctors)
 SORT(*)(.dtors)
 *(.init0)
 .init0         0x0000017e        0x0 /usr/local/CrossPack-AVR-20120217/lib/gcc/avr/4.5.1/../../../../avr/lib/avr5/crtm32u4.o
                0x0000017e                __init
 *(.init0)
 *(.init1)
 *(.init1)
 *(.init2)
 .init2         0x0000017e        0xc /usr/local/CrossPack-AVR-20120217/lib/gcc/avr/4.5.1/../../../../avr/lib/avr5/crtm32u4.o
 *(.init2)
 *(.init3)
 *(.init3)
 *(.init4)
 .init4         0x0000018a       0x16 /usr/local/CrossPack-AVR-20120217/lib/gcc/avr/4.5.1/avr5/libgcc.a(_copy_data.o)
                0x0000018a                __do_copy_data
 .init4         0x000001a0       0x10 /usr/local/CrossPack-AVR-20120217/lib/gcc/avr/4.5.1/avr5/libgcc.a(_clear_bss.o)
                0x000001a0                __do_clear_bss
 *(.init4)
 *(.init5)
 *(.init5)
 *(.init6)
 *(.init6)
 *(.init7)
 *(.init7)
 *(.init8)
 *(.init8)
 *(.init9)
 .init9         0x000001b0        0x4 /usr/local/CrossPack-AVR-20120217/lib/gcc/avr/4.5.1/../../../../avr/lib/avr5/crtm32u4.o
 *(.init9)
 *(.text)
 .text          0x000001b4        0x2 /usr/local/CrossPack-AVR-20120217/lib/gcc/avr/4.5.1/../../../../avr/lib/avr5/crtm32u4.o
                0x000001b4                __vector_42
                0x000001b4                __vector_22
                0x000001b4                __vector_28
                0x000001b4                __vector_1
                0x000001b4                __vector_32
                0x000001b4                __vector_34
                0x000001b4                __vector_24
                0x000001b4                __vector_12
                0x000001b4                __bad_interrupt
                0x000001b4                __vector_6
                0x000001b4                __vector_31
                0x000001b4                __vector_35
                0x000001b4                __vector_39
                0x000001b4                __vector_3
                0x000001b4                __vector_23
                0x000001b4                __vector_30
                0x000001b4                __vector_25
                0x000001b4                __vector_13
                0x000001b4                __vector_17
                0x000001b4                __vector_19
                0x000001b4                __vector_7
                0x000001b4                __vector_41
                0x000001b4                __vector_27
                0x000001b4                __vector_5
                0x000001b4                __vector_33
                0x000001b4                __vector_37
                0x000001b4                __vector_4
                0x000001b4                __vector_9
                0x000001b4                __vector_2
                0x000001b4                __vector_21
                0x000001b4                __vector_15
                0x000001b4                __vector_36
                0x000001b4                __vector_29
                0x000001b4                __vector_40
                0x000001b4                __vector_8
                0x000001b4                __vector_26
                0x000001b4                __vector_14
                0x000001b4                __vector_16
                0x000001b4                __vector_18
                0x000001b4                __vector_20
                0x000001b4                __vector_38
                0x000001b6                . = ALIGN (0x2)
 *(.text.*)
 .text.main     0x000001b6       0x6c lightsensordriver.o
                0x000001b6                main
 .text.usb_wait_in_ready
                0x00000222        0xa usb_debug_only.o
 .text.usb_init
                0x0000022c       0x2e usb_debug_only.o
                0x0000022c                usb_init
 .text.usb_debug_putchar
                0x0000025a       0x8c usb_debug_only.o
                0x0000025a                usb_debug_putchar
 .text.__vector_10
                0x000002e6       0x7e usb_debug_only.o
                0x000002e6                __vector_10
 .text.__vector_11
                0x00000364      0x2ac usb_debug_only.o
                0x00000364                __vector_11
 .text.print_P  0x00000610       0x28 print.o
                0x00000610                print_P
 .text.phex1    0x00000638        0xe print.o
                0x00000638                phex1
 .text.phex     0x00000646       0x14 print.o
                0x00000646                phex
 .text.phex16   0x0000065a       0x10 print.o
                0x0000065a                phex16
 .text.analog_reference
                0x0000066a        0x8 analog.o
                0x0000066a                analog_reference
 .text.adc_read
                0x00000672       0x40 analog.o
                0x00000672                adc_read
 .text.analog_read
                0x000006b2       0x1c analog.o
                0x000006b2                analog_read
                0x000006ce                . = ALIGN (0x2)
 *(.fini9)
 .fini9         0x000006ce        0x0 /usr/local/CrossPack-AVR-20120217/lib/gcc/avr/4.5.1/avr5/libgcc.a(_exit.o)
                0x000006ce                exit
                0x000006ce                _exit
 *(.fini9)
 *(.fini8)
 *(.fini8)
 *(.fini7)
 *(.fini7)
 *(.fini6)
 *(.fini6)
 *(.fini5)
 *(.fini5)
 *(.fini4)
 *(.fini4)
 *(.fini3)
 *(.fini3)
 *(.fini2)
 *(.fini2)
 *(.fini1)
 *(.fini1)
 *(.fini0)
 .fini0         0x000006ce        0x4 /usr/local/CrossPack-AVR-20120217/lib/gcc/avr/4.5.1/avr5/libgcc.a(_exit.o)
 *(.fini0)
                0x000006d2                _etext = .

.data           0x00800100        0x2 load address 0x000006d2
                0x00800100                PROVIDE (__data_start, .)
 *(.data)
 .data          0x00800100        0x1 analog.o
 *(.data*)
 *(.rodata)
 *(.rodata*)
 *(.gnu.linkonce.d*)
                0x00800102                . = ALIGN (0x2)
 *fill*         0x00800101        0x1 00
                0x00800102                _edata = .
                0x00800102                PROVIDE (__data_end, .)

.bss            0x00800102        0x3
                0x00800102                PROVIDE (__bss_start, .)
 *(.bss)
 .bss           0x00800102        0x3 usb_debug_only.o
 *(.bss*)
 *(COMMON)
                0x00800105                PROVIDE (__bss_end, .)
                0x000006d2                __data_load_start = LOADADDR (.data)
                0x000006d4                __data_load_end = (__data_load_start + SIZEOF (.data))

.noinit         0x00800105        0x0
                0x00800105                PROVIDE (__noinit_start, .)
 *(.noinit*)
                0x00800105                PROVIDE (__noinit_end, .)
                0x00800105                _end = .
                0x00800105                PROVIDE (__heap_start, .)

.eeprom         0x00810000        0x0
 *(.eeprom*)
                0x00810000                __eeprom_end = .

.fuse
 *(.fuse)
 *(.lfuse)
 *(.hfuse)
 *(.efuse)

.lock
 *(.lock*)

.signature
 *(.signature*)

.stab           0x00000000      0x6cc
 *(.stab)
 .stab          0x00000000      0x6cc /usr/local/CrossPack-AVR-20120217/lib/gcc/avr/4.5.1/../../../../avr/lib/avr5/crtm32u4.o

.stabstr        0x00000000       0x81
 *(.stabstr)
 .stabstr       0x00000000       0x81 /usr/local/CrossPack-AVR-20120217/lib/gcc/avr/4.5.1/../../../../avr/lib/avr5/crtm32u4.o

.stab.excl
 *(.stab.excl)

.stab.exclstr
 *(.stab.exclstr)

.stab.index
 *(.stab.index)

.stab.indexstr
 *(.stab.indexstr)

.comment
 *(.comment)

.debug
 *(.debug)

.line
 *(.line)

.debug_srcinfo
 *(.debug_srcinfo)

.debug_sfnames
 *(.debug_sfnames)

.debug_aranges  0x00000000       0xe0
 *(.debug_aranges)
 .debug_aranges
                0x00000000       0x28 lightsensordriver.o
 .debug_aranges
                0x00000028       0x50 usb_debug_only.o
 .debug_aranges
                0x00000078       0x38 print.o
 .debug_aranges
                0x000000b0       0x30 analog.o

.debug_pubnames
                0x00000000      0x135
 *(.debug_pubnames)
 .debug_pubnames
                0x00000000       0x32 lightsensordriver.o
 .debug_pubnames
                0x00000032       0x83 usb_debug_only.o
 .debug_pubnames
                0x000000b5       0x3c print.o
 .debug_pubnames
                0x000000f1       0x44 analog.o

.debug_info     0x00000000      0x9d6
 *(.debug_info)
 .debug_info    0x00000000       0xed lightsensordriver.o
 .debug_info    0x000000ed      0x61e usb_debug_only.o
 .debug_info    0x0000070b      0x157 print.o
 .debug_info    0x00000862      0x174 analog.o
 *(.gnu.linkonce.wi.*)

.debug_abbrev   0x00000000      0x3a4
 *(.debug_abbrev)
 .debug_abbrev  0x00000000       0x9d lightsensordriver.o
 .debug_abbrev  0x0000009d      0x186 usb_debug_only.o
 .debug_abbrev  0x00000223       0xab print.o
 .debug_abbrev  0x000002ce       0xd6 analog.o

.debug_line     0x00000000      0xb4b
 *(.debug_line)
 .debug_line    0x00000000      0x1a1 lightsensordriver.o
 .debug_line    0x000001a1      0x6f1 usb_debug_only.o
 .debug_line    0x00000892      0x171 print.o
 .debug_line    0x00000a03      0x148 analog.o

.debug_frame    0x00000000      0x140
 *(.debug_frame)
 .debug_frame   0x00000000       0x30 lightsensordriver.o
 .debug_frame   0x00000030       0x80 usb_debug_only.o
 .debug_frame   0x000000b0       0x50 print.o
 .debug_frame   0x00000100       0x40 analog.o

.debug_str      0x00000000      0x369
 *(.debug_str)
 .debug_str     0x00000000       0xff lightsensordriver.o
                                0x140 (size before relaxing)
 .debug_str     0x000000ff      0x204 usb_debug_only.o
                                0x30c (size before relaxing)
 .debug_str     0x00000303       0x22 print.o
                                0x122 (size before relaxing)
 .debug_str     0x00000325       0x44 analog.o
                                0x147 (size before relaxing)

.debug_loc      0x00000000      0x916
 *(.debug_loc)
 .debug_loc     0x00000000       0x60 lightsensordriver.o
 .debug_loc     0x00000060      0x741 usb_debug_only.o
 .debug_loc     0x000007a1       0xec print.o
 .debug_loc     0x0000088d       0x89 analog.o

.debug_macinfo
 *(.debug_macinfo)
OUTPUT(lightsensordriver.elf elf32-avr)
LOAD linker stubs

.debug_pubtypes
                0x00000000      0x10a
 .debug_pubtypes
                0x00000000       0x2a lightsensordriver.o
 .debug_pubtypes
                0x0000002a       0x7e usb_debug_only.o
 .debug_pubtypes
                0x000000a8       0x2b print.o
 .debug_pubtypes
                0x000000d3       0x37 analog.o

.debug_ranges   0x00000000       0xd0
 .debug_ranges  0x00000000       0x18 lightsensordriver.o
 .debug_ranges  0x00000018       0x70 usb_debug_only.o
 .debug_ranges  0x00000088       0x28 print.o
 .debug_ranges  0x000000b0       0x20 analog.o

Cross Reference Table

Symbol                                            File
__bad_interrupt                                   /usr/local/CrossPack-AVR-20120217/lib/gcc/avr/4.5.1/../../../../avr/lib/avr5/crtm32u4.o
__bss_end                                         /usr/local/CrossPack-AVR-20120217/lib/gcc/avr/4.5.1/avr5/libgcc.a(_clear_bss.o)
__bss_start                                       /usr/local/CrossPack-AVR-20120217/lib/gcc/avr/4.5.1/avr5/libgcc.a(_clear_bss.o)
__data_end                                        /usr/local/CrossPack-AVR-20120217/lib/gcc/avr/4.5.1/avr5/libgcc.a(_copy_data.o)
__data_load_start                                 /usr/local/CrossPack-AVR-20120217/lib/gcc/avr/4.5.1/avr5/libgcc.a(_copy_data.o)
__data_start                                      /usr/local/CrossPack-AVR-20120217/lib/gcc/avr/4.5.1/avr5/libgcc.a(_copy_data.o)
__do_clear_bss                                    /usr/local/CrossPack-AVR-20120217/lib/gcc/avr/4.5.1/avr5/libgcc.a(_clear_bss.o)
                                                  usb_debug_only.o
__do_copy_data                                    /usr/local/CrossPack-AVR-20120217/lib/gcc/avr/4.5.1/avr5/libgcc.a(_copy_data.o)
                                                  analog.o
__heap_end                                        /usr/local/CrossPack-AVR-20120217/lib/gcc/avr/4.5.1/../../../../avr/lib/avr5/crtm32u4.o
__init                                            /usr/local/CrossPack-AVR-20120217/lib/gcc/avr/4.5.1/../../../../avr/lib/avr5/crtm32u4.o
__stack                                           /usr/local/CrossPack-AVR-20120217/lib/gcc/avr/4.5.1/../../../../avr/lib/avr5/crtm32u4.o
__vector_1                                        /usr/local/CrossPack-AVR-20120217/lib/gcc/avr/4.5.1/../../../../avr/lib/avr5/crtm32u4.o
__vector_10                                       usb_debug_only.o
                                                  /usr/local/CrossPack-AVR-20120217/lib/gcc/avr/4.5.1/../../../../avr/lib/avr5/crtm32u4.o
__vector_11                                       usb_debug_only.o
                                                  /usr/local/CrossPack-AVR-20120217/lib/gcc/avr/4.5.1/../../../../avr/lib/avr5/crtm32u4.o
__vector_12                                       /usr/local/CrossPack-AVR-20120217/lib/gcc/avr/4.5.1/../../../../avr/lib/avr5/crtm32u4.o
__vector_13                                       /usr/local/CrossPack-AVR-20120217/lib/gcc/avr/4.5.1/../../../../avr/lib/avr5/crtm32u4.o
__vector_14                                       /usr/local/CrossPack-AVR-20120217/lib/gcc/avr/4.5.1/../../../../avr/lib/avr5/crtm32u4.o
__vector_15                                       /usr/local/CrossPack-AVR-20120217/lib/gcc/avr/4.5.1/../../../../avr/lib/avr5/crtm32u4.o
__vector_16                                       /usr/local/CrossPack-AVR-20120217/lib/gcc/avr/4.5.1/../../../../avr/lib/avr5/crtm32u4.o
__vector_17                                       /usr/local/CrossPack-AVR-20120217/lib/gcc/avr/4.5.1/../../../../avr/lib/avr5/crtm32u4.o
__vector_18                                       /usr/local/CrossPack-AVR-20120217/lib/gcc/avr/4.5.1/../../../../avr/lib/avr5/crtm32u4.o
__vector_19                                       /usr/local/CrossPack-AVR-20120217/lib/gcc/avr/4.5.1/../../../../avr/lib/avr5/crtm32u4.o
__vector_2                                        /usr/local/CrossPack-AVR-20120217/lib/gcc/avr/4.5.1/../../../../avr/lib/avr5/crtm32u4.o
__vector_20                                       /usr/local/CrossPack-AVR-20120217/lib/gcc/avr/4.5.1/../../../../avr/lib/avr5/crtm32u4.o
__vector_21                                       /usr/local/CrossPack-AVR-20120217/lib/gcc/avr/4.5.1/../../../../avr/lib/avr5/crtm32u4.o
__vector_22                                       /usr/local/CrossPack-AVR-20120217/lib/gcc/avr/4.5.1/../../../../avr/lib/avr5/crtm32u4.o
__vector_23                                       /usr/local/CrossPack-AVR-20120217/lib/gcc/avr/4.5.1/../../../../avr/lib/avr5/crtm32u4.o
__vector_24                                       /usr/local/CrossPack-AVR-20120217/lib/gcc/avr/4.5.1/../../../../avr/lib/avr5/crtm32u4.o
__vector_25                                       /usr/local/CrossPack-AVR-20120217/lib/gcc/avr/4.5.1/../../../../avr/lib/avr5/crtm32u4.o
__vector_26                                       /usr/local/CrossPack-AVR-20120217/lib/gcc/avr/4.5.1/../../../../avr/lib/avr5/crtm32u4.o
__vector_27                                       /usr/local/CrossPack-AVR-20120217/lib/gcc/avr/4.5.1/../../../../avr/lib/avr5/crtm32u4.o
__vector_28                                       /usr/local/CrossPack-AVR-20120217/lib/gcc/avr/4.5.1/../../../../avr/lib/avr5/crtm32u4.o
__vector_29                                       /usr/local/CrossPack-AVR-20120217/lib/gcc/avr/4.5.1/../../../../avr/lib/avr5/crtm32u4.o
__vector_3                                        /usr/local/CrossPack-AVR-20120217/lib/gcc/avr/4.5.1/../../../../avr/lib/avr5/crtm32u4.o
__vector_30                                       /usr/local/CrossPack-AVR-20120217/lib/gcc/avr/4.5.1/../../../../avr/lib/avr5/crtm32u4.o
__vector_31                                       /usr/local/CrossPack-AVR-20120217/lib/gcc/avr/4.5.1/../../../../avr/lib/avr5/crtm32u4.o
__vector_32                                       /usr/local/CrossPack-AVR-20120217/lib/gcc/avr/4.5.1/../../../../avr/lib/avr5/crtm32u4.o
__vector_33                                       /usr/local/CrossPack-AVR-20120217/lib/gcc/avr/4.5.1/../../../../avr/lib/avr5/crtm32u4.o
__vector_34                                       /usr/local/CrossPack-AVR-20120217/lib/gcc/avr/4.5.1/../../../../avr/lib/avr5/crtm32u4.o
__vector_35                                       /usr/local/CrossPack-AVR-20120217/lib/gcc/avr/4.5.1/../../../../avr/lib/avr5/crtm32u4.o
__vector_36                                       /usr/local/CrossPack-AVR-20120217/lib/gcc/avr/4.5.1/../../../../avr/lib/avr5/crtm32u4.o
__vector_37                                       /usr/local/CrossPack-AVR-20120217/lib/gcc/avr/4.5.1/../../../../avr/lib/avr5/crtm32u4.o
__vector_38                                       /usr/local/CrossPack-AVR-20120217/lib/gcc/avr/4.5.1/../../../../avr/lib/avr5/crtm32u4.o
__vector_39                                       /usr/local/CrossPack-AVR-20120217/lib/gcc/avr/4.5.1/../../../../avr/lib/avr5/crtm32u4.o
__vector_4                                        /usr/local/CrossPack-AVR-20120217/lib/gcc/avr/4.5.1/../../../../avr/lib/avr5/crtm32u4.o
__vector_40                                       /usr/local/CrossPack-AVR-20120217/lib/gcc/avr/4.5.1/../../../../avr/lib/avr5/crtm32u4.o
__vector_41                                       /usr/local/CrossPack-AVR-20120217/lib/gcc/avr/4.5.1/../../../../avr/lib/avr5/crtm32u4.o
__vector_42                                       /usr/local/CrossPack-AVR-20120217/lib/gcc/avr/4.5.1/../../../../avr/lib/avr5/crtm32u4.o
__vector_5                                        /usr/local/CrossPack-AVR-20120217/lib/gcc/avr/4.5.1/../../../../avr/lib/avr5/crtm32u4.o
__vector_6                                        /usr/local/CrossPack-AVR-20120217/lib/gcc/avr/4.5.1/../../../../avr/lib/avr5/crtm32u4.o
__vector_7                                        /usr/local/CrossPack-AVR-20120217/lib/gcc/avr/4.5.1/../../../../avr/lib/avr5/crtm32u4.o
__vector_8                                        /usr/local/CrossPack-AVR-20120217/lib/gcc/avr/4.5.1/../../../../avr/lib/avr5/crtm32u4.o
__vector_9                                        /usr/local/CrossPack-AVR-20120217/lib/gcc/avr/4.5.1/../../../../avr/lib/avr5/crtm32u4.o
__vector_default                                  /usr/local/CrossPack-AVR-20120217/lib/gcc/avr/4.5.1/../../../../avr/lib/avr5/crtm32u4.o
__vectors                                         /usr/local/CrossPack-AVR-20120217/lib/gcc/avr/4.5.1/../../../../avr/lib/avr5/crtm32u4.o
_exit                                             /usr/local/CrossPack-AVR-20120217/lib/gcc/avr/4.5.1/avr5/libgcc.a(_exit.o)
adc_read                                          analog.o
analog_read                                       analog.o
                                                  lightsensordriver.o
analog_reference                                  analog.o
                                                  lightsensordriver.o
exit                                              /usr/local/CrossPack-AVR-20120217/lib/gcc/avr/4.5.1/avr5/libgcc.a(_exit.o)
                                                  /usr/local/CrossPack-AVR-20120217/lib/gcc/avr/4.5.1/../../../../avr/lib/avr5/crtm32u4.o
main                                              lightsensordriver.o
                                                  /usr/local/CrossPack-AVR-20120217/lib/gcc/avr/4.5.1/../../../../avr/lib/avr5/crtm32u4.o
phex                                              print.o
phex1                                             print.o
phex16                                            print.o
                                                  lightsensordriver.o
print_P                                           print.o
                                                  lightsensordriver.o
usb_configured                                    usb_debug_only.o
usb_debug_flush_output                            usb_debug_only.o
                                                  lightsensordriver.o
usb_debug_putchar                                 usb_debug_only.o
                                                  print.o
                                                  lightsensordriver.o
usb_init                                          usb_debug_only.o
                                                  lightsensordriver.o
write_to_usb_debug                                lightsensordriver.o
