Archive member included because of file (symbol)

c:/winavr-20100110/bin/../lib/gcc/avr/4.3.3/avr51\libgcc.a(_udivmodhi4.o)
                              objFiles/mainControl.o (__udivmodhi4)
c:/winavr-20100110/bin/../lib/gcc/avr/4.3.3/avr51\libgcc.a(_exit.o)
                              c:/winavr-20100110/bin/../lib/gcc/avr/4.3.3/../../../../avr/lib/avr51/crtusb1286.o (exit)
c:/winavr-20100110/bin/../lib/gcc/avr/4.3.3/avr51\libgcc.a(_clear_bss.o)
                              objFiles/mainControl.o (__do_clear_bss)

Allocating common symbols
Common symbol       size              file

YCoolStatus         0x2               objFiles/mainControl.o
HVACStatus          0x2               objFiles/mainControl.o
WHeatStatus         0x2               objFiles/mainControl.o
GFanStatus          0x2               objFiles/mainControl.o

Discarded input sections

 .data          0x00000000        0x0 c:/winavr-20100110/bin/../lib/gcc/avr/4.3.3/../../../../avr/lib/avr51/crtusb1286.o
 .bss           0x00000000        0x0 c:/winavr-20100110/bin/../lib/gcc/avr/4.3.3/../../../../avr/lib/avr51/crtusb1286.o
 .text          0x00000000        0x0 objFiles/mainControl.o
 .text.convertAsciiToInt
                0x00000000        0x0 objFiles/mainControl.o
 .text          0x00000000        0x0 objFiles/src/usb_serial.o
 .text.usb_serial_available
                0x00000000        0x0 objFiles/src/usb_serial.o
 .text.usb_serial_putchar_nowait
                0x00000000        0x0 objFiles/src/usb_serial.o
 .text.usb_serial_flush_output
                0x00000000        0x0 objFiles/src/usb_serial.o
 .text.usb_serial_get_baud
                0x00000000        0x0 objFiles/src/usb_serial.o
 .text.usb_serial_get_stopbits
                0x00000000        0x0 objFiles/src/usb_serial.o
 .text.usb_serial_get_paritytype
                0x00000000        0x0 objFiles/src/usb_serial.o
 .text.usb_serial_get_numbits
                0x00000000        0x0 objFiles/src/usb_serial.o
 .text.usb_serial_set_control
                0x00000000        0x0 objFiles/src/usb_serial.o
 .text          0x00000000        0x0 objFiles/src/HVACGarage.o
 .data          0x00000000        0x0 objFiles/src/HVACGarage.o
 .bss           0x00000000        0x0 objFiles/src/HVACGarage.o
 .text          0x00000000        0x0 objFiles/src/damper_Control.o
 .bss           0x00000000        0x0 objFiles/src/damper_Control.o
 .text          0x00000000        0x0 objFiles/src/tempSense.o
 .data          0x00000000        0x0 objFiles/src/tempSense.o
 .bss           0x00000000        0x0 objFiles/src/tempSense.o
 .text          0x00000000        0x0 objFiles/src/Sprinkler.o
 .bss           0x00000000        0x0 objFiles/src/Sprinkler.o
 .text          0x00000000        0x0 objFiles/src/PWMTeensyTwoPlusPlus.o
 .data          0x00000000        0x0 objFiles/src/PWMTeensyTwoPlusPlus.o
 .bss           0x00000000        0x0 objFiles/src/PWMTeensyTwoPlusPlus.o
 .text.PWMStopTimer
                0x00000000        0x0 objFiles/src/PWMTeensyTwoPlusPlus.o
 .text.PWMEnableDisablePin
                0x00000000        0x0 objFiles/src/PWMTeensyTwoPlusPlus.o
 .text          0x00000000        0x0 objFiles/src/fans.o
 .bss           0x00000000        0x0 objFiles/src/fans.o
 .text          0x00000000        0x0 c:/winavr-20100110/bin/../lib/gcc/avr/4.3.3/avr51\libgcc.a(_udivmodhi4.o)
 .data          0x00000000        0x0 c:/winavr-20100110/bin/../lib/gcc/avr/4.3.3/avr51\libgcc.a(_udivmodhi4.o)
 .bss           0x00000000        0x0 c:/winavr-20100110/bin/../lib/gcc/avr/4.3.3/avr51\libgcc.a(_udivmodhi4.o)
 .text          0x00000000        0x0 c:/winavr-20100110/bin/../lib/gcc/avr/4.3.3/avr51\libgcc.a(_exit.o)
 .data          0x00000000        0x0 c:/winavr-20100110/bin/../lib/gcc/avr/4.3.3/avr51\libgcc.a(_exit.o)
 .bss           0x00000000        0x0 c:/winavr-20100110/bin/../lib/gcc/avr/4.3.3/avr51\libgcc.a(_exit.o)
 .text.libgcc   0x00000000        0x0 c:/winavr-20100110/bin/../lib/gcc/avr/4.3.3/avr51\libgcc.a(_exit.o)
 .text          0x00000000        0x0 c:/winavr-20100110/bin/../lib/gcc/avr/4.3.3/avr51\libgcc.a(_clear_bss.o)
 .data          0x00000000        0x0 c:/winavr-20100110/bin/../lib/gcc/avr/4.3.3/avr51\libgcc.a(_clear_bss.o)
 .bss           0x00000000        0x0 c:/winavr-20100110/bin/../lib/gcc/avr/4.3.3/avr51\libgcc.a(_clear_bss.o)
 .text.libgcc   0x00000000        0x0 c:/winavr-20100110/bin/../lib/gcc/avr/4.3.3/avr51\libgcc.a(_clear_bss.o)

Memory Configuration

Name             Origin             Length             Attributes
text             0x00000000         0x00020000         xr
data             0x00800060         0x0000ffa0         rw !x
eeprom           0x00810000         0x00010000         rw !x
fuse             0x00820000         0x00000400         rw !x
lock             0x00830000         0x00000400         rw !x
signature        0x00840000         0x00000400         rw !x
*default*        0x00000000         0xffffffff

Linker script and memory map

Address of section .data set to 0x800100
LOAD c:/winavr-20100110/bin/../lib/gcc/avr/4.3.3/../../../../avr/lib/avr51/crtusb1286.o
LOAD objFiles/mainControl.o
LOAD objFiles/src/usb_serial.o
LOAD objFiles/src/HVACGarage.o
LOAD objFiles/src/damper_Control.o
LOAD objFiles/src/tempSense.o
LOAD objFiles/src/Sprinkler.o
LOAD objFiles/src/PWMTeensyTwoPlusPlus.o
LOAD objFiles/src/fans.o
LOAD c:/winavr-20100110/bin/../lib/gcc/avr/4.3.3/../../../../avr/lib/avr51\libm.a
LOAD c:/winavr-20100110/bin/../lib/gcc/avr/4.3.3/avr51\libgcc.a
LOAD c:/winavr-20100110/bin/../lib/gcc/avr/4.3.3/../../../../avr/lib/avr51\libc.a
LOAD c:/winavr-20100110/bin/../lib/gcc/avr/4.3.3/avr51\libgcc.a

.hash
 *(.hash)

.dynsym
 *(.dynsym)

.dynstr
 *(.dynstr)

.gnu.version
 *(.gnu.version)

.gnu.version_d
 *(.gnu.version_d)

.gnu.version_r
 *(.gnu.version_r)

.rel.init
 *(.rel.init)

.rela.init
 *(.rela.init)

.rel.text
 *(.rel.text)
 *(.rel.text.*)
 *(.rel.gnu.linkonce.t*)

.rela.text
 *(.rela.text)
 *(.rela.text.*)
 *(.rela.gnu.linkonce.t*)

.rel.fini
 *(.rel.fini)

.rela.fini
 *(.rela.fini)

.rel.rodata
 *(.rel.rodata)
 *(.rel.rodata.*)
 *(.rel.gnu.linkonce.r*)

.rela.rodata
 *(.rela.rodata)
 *(.rela.rodata.*)
 *(.rela.gnu.linkonce.r*)

.rel.data
 *(.rel.data)
 *(.rel.data.*)
 *(.rel.gnu.linkonce.d*)

.rela.data
 *(.rela.data)
 *(.rela.data.*)
 *(.rela.gnu.linkonce.d*)

.rel.ctors
 *(.rel.ctors)

.rela.ctors
 *(.rela.ctors)

.rel.dtors
 *(.rel.dtors)

.rela.dtors
 *(.rela.dtors)

.rel.got
 *(.rel.got)

.rela.got
 *(.rela.got)

.rel.bss
 *(.rel.bss)

.rela.bss
 *(.rela.bss)

.rel.plt
 *(.rel.plt)

.rela.plt
 *(.rela.plt)

.text           0x00000000     0x21a6
 *(.vectors)
 .vectors       0x00000000       0x98 c:/winavr-20100110/bin/../lib/gcc/avr/4.3.3/../../../../avr/lib/avr51/crtusb1286.o
                0x00000000                __vectors
                0x00000000                __vector_default
 *(.vectors)
 *(.progmem.gcc*)
 .progmem.gcc_sw_table
                0x00000098       0x82 objFiles/src/usb_serial.o
 *(.progmem*)
 .progmem.data  0x0000011a      0x4e3 objFiles/mainControl.o
 .progmem.data  0x000005fd       0xcf objFiles/src/usb_serial.o
 .progmem.data  0x000006cc       0xf1 objFiles/src/damper_Control.o
 .progmem.data  0x000007bd        0xc objFiles/src/tempSense.o
 .progmem.data  0x000007c9       0xd1 objFiles/src/Sprinkler.o
                0x0000089a                . = ALIGN (0x2)
                0x0000089a                __trampolines_start = .
 *(.trampolines)
 .trampolines   0x0000089a        0x0 linker stubs
 *(.trampolines*)
                0x0000089a                __trampolines_end = .
 *(.jumptables)
 *(.jumptables*)
 *(.lowtext)
 *(.lowtext*)
                0x0000089a                __ctors_start = .
 *(.ctors)
                0x0000089a                __ctors_end = .
                0x0000089a                __dtors_start = .
 *(.dtors)
                0x0000089a                __dtors_end = .
 SORT(*)(.ctors)
 SORT(*)(.dtors)
 *(.init0)
 .init0         0x0000089a        0x0 c:/winavr-20100110/bin/../lib/gcc/avr/4.3.3/../../../../avr/lib/avr51/crtusb1286.o
                0x0000089a                __init
 *(.init0)
 *(.init1)
 *(.init1)
 *(.init2)
 .init2         0x0000089a        0xc c:/winavr-20100110/bin/../lib/gcc/avr/4.3.3/../../../../avr/lib/avr51/crtusb1286.o
 *(.init2)
 *(.init3)
 *(.init3)
 *(.init4)
 .init4         0x000008a6       0x1a c:/winavr-20100110/bin/../lib/gcc/avr/4.3.3/../../../../avr/lib/avr51/crtusb1286.o
                0x000008a6                __do_copy_data
 .init4         0x000008c0       0x10 c:/winavr-20100110/bin/../lib/gcc/avr/4.3.3/avr51\libgcc.a(_clear_bss.o)
                0x000008c0                __do_clear_bss
 *(.init4)
 *(.init5)
 *(.init5)
 *(.init6)
 *(.init6)
 *(.init7)
 *(.init7)
 *(.init8)
 *(.init8)
 *(.init9)
 .init9         0x000008d0        0x6 c:/winavr-20100110/bin/../lib/gcc/avr/4.3.3/../../../../avr/lib/avr51/crtusb1286.o
 *(.init9)
 *(.text)
 .text          0x000008d6        0x2 c:/winavr-20100110/bin/../lib/gcc/avr/4.3.3/../../../../avr/lib/avr51/crtusb1286.o
                0x000008d6                __vector_22
                0x000008d6                __vector_28
                0x000008d6                __vector_1
                0x000008d6                __vector_32
                0x000008d6                __vector_34
                0x000008d6                __vector_24
                0x000008d6                __vector_12
                0x000008d6                __bad_interrupt
                0x000008d6                __vector_6
                0x000008d6                __vector_31
                0x000008d6                __vector_35
                0x000008d6                __vector_3
                0x000008d6                __vector_23
                0x000008d6                __vector_30
                0x000008d6                __vector_25
                0x000008d6                __vector_13
                0x000008d6                __vector_17
                0x000008d6                __vector_19
                0x000008d6                __vector_7
                0x000008d6                __vector_27
                0x000008d6                __vector_5
                0x000008d6                __vector_33
                0x000008d6                __vector_37
                0x000008d6                __vector_4
                0x000008d6                __vector_9
                0x000008d6                __vector_2
                0x000008d6                __vector_21
                0x000008d6                __vector_15
                0x000008d6                __vector_36
                0x000008d6                __vector_29
                0x000008d6                __vector_8
                0x000008d6                __vector_26
                0x000008d6                __vector_14
                0x000008d6                __vector_16
                0x000008d6                __vector_18
                0x000008d6                __vector_20
                0x000008d8                . = ALIGN (0x2)
 *(.text.*)
 .text.initializeGlobal
                0x000008d8        0xc objFiles/mainControl.o
                0x000008d8                initializeGlobal
 .text.convert_by_division
                0x000008e4       0x4e objFiles/mainControl.o
                0x000008e4                convert_by_division
 .text.send_str
                0x00000932       0x1a objFiles/mainControl.o
                0x00000932                send_str
 .text.parse_and_execute_command
                0x0000094c      0x3d6 objFiles/mainControl.o
                0x0000094c                parse_and_execute_command
 .text.recv_str
                0x00000d22       0x5c objFiles/mainControl.o
                0x00000d22                recv_str
 .text.main     0x00000d7e       0xa8 objFiles/mainControl.o
                0x00000d7e                main
 .text.usb_init
                0x00000e26       0x32 objFiles/src/usb_serial.o
                0x00000e26                usb_init
 .text.usb_configured
                0x00000e58        0x6 objFiles/src/usb_serial.o
                0x00000e58                usb_configured
 .text.usb_serial_getchar
                0x00000e5e       0x4a objFiles/src/usb_serial.o
                0x00000e5e                usb_serial_getchar
 .text.usb_serial_flush_input
                0x00000ea8       0x26 objFiles/src/usb_serial.o
                0x00000ea8                usb_serial_flush_input
 .text.usb_serial_putchar
                0x00000ece       0x84 objFiles/src/usb_serial.o
                0x00000ece                usb_serial_putchar
 .text.usb_serial_write
                0x00000f52      0x250 objFiles/src/usb_serial.o
                0x00000f52                usb_serial_write
 .text.usb_serial_get_control
                0x000011a2        0x6 objFiles/src/usb_serial.o
                0x000011a2                usb_serial_get_control
 .text.__vector_10
                0x000011a8       0x76 objFiles/src/usb_serial.o
                0x000011a8                __vector_10
 .text.__vector_11
                0x0000121e      0x2de objFiles/src/usb_serial.o
                0x0000121e                __vector_11
 .text.initializeHVACGarage
                0x000014fc       0x10 objFiles/src/HVACGarage.o
                0x000014fc                initializeHVACGarage
 .text.PulseGarage
                0x0000150c        0x6 objFiles/src/HVACGarage.o
                0x0000150c                PulseGarage
 .text.ReadGFan
                0x00001512        0x6 objFiles/src/HVACGarage.o
                0x00001512                ReadGFan
 .text.ReadWHeat
                0x00001518        0x6 objFiles/src/HVACGarage.o
                0x00001518                ReadWHeat
 .text.ReadYCool
                0x0000151e        0x6 objFiles/src/HVACGarage.o
                0x0000151e                ReadYCool
 .text.SetGFan  0x00001524       0x20 objFiles/src/HVACGarage.o
                0x00001524                SetGFan
 .text.SetWHeat
                0x00001544       0x20 objFiles/src/HVACGarage.o
                0x00001544                SetWHeat
 .text.SetYCool
                0x00001564       0x20 objFiles/src/HVACGarage.o
                0x00001564                SetYCool
 .text.SetHVAC  0x00001584       0x20 objFiles/src/HVACGarage.o
                0x00001584                SetHVAC
 .text.InitializeDamper
                0x000015a4        0xc objFiles/src/damper_Control.o
                0x000015a4                InitializeDamper
 .text.ActivateDamper
                0x000015b0       0xa8 objFiles/src/damper_Control.o
                0x000015b0                ActivateDamper
 .text.CheckDamper
                0x00001658       0x3a objFiles/src/damper_Control.o
                0x00001658                CheckDamper
 .text.CloseDamper
                0x00001692       0xbc objFiles/src/damper_Control.o
                0x00001692                CloseDamper
 .text.OpenDamper
                0x0000174e       0x84 objFiles/src/damper_Control.o
                0x0000174e                OpenDamper
 .text.ReadADC  0x000017d2       0x3c objFiles/src/tempSense.o
                0x000017d2                ReadADC
 .text.ReadTempSensor
                0x0000180e      0x2bc objFiles/src/tempSense.o
                0x0000180e                ReadTempSensor
 .text.InitializeSprinkler
                0x00001aca        0xe objFiles/src/Sprinkler.o
                0x00001aca                InitializeSprinkler
 .text.SprinklerCntrl
                0x00001ad8      0x158 objFiles/src/Sprinkler.o
                0x00001ad8                SprinklerCntrl
 .text.PWMNew   0x00001c30       0xd2 objFiles/src/PWMTeensyTwoPlusPlus.o
                0x00001c30                PWMNew
 .text.PWMStartTimer
                0x00001d02      0x1d6 objFiles/src/PWMTeensyTwoPlusPlus.o
                0x00001d02                PWMStartTimer
 .text.PWMStart
                0x00001ed8       0x36 objFiles/src/PWMTeensyTwoPlusPlus.o
                0x00001ed8                PWMStart
 .text.PWMDuty  0x00001f0e       0x80 objFiles/src/PWMTeensyTwoPlusPlus.o
                0x00001f0e                PWMDuty
 .text.FanStatus
                0x00001f8e       0x24 objFiles/src/fans.o
                0x00001f8e                FanStatus
 .text.FanSpeedStatus
                0x00001fb2       0x2c objFiles/src/fans.o
                0x00001fb2                FanSpeedStatus
 .text.CharToSpeed
                0x00001fde       0x50 objFiles/src/fans.o
                0x00001fde                CharToSpeed
 .text.TurnFanOff
                0x0000202e       0x60 objFiles/src/fans.o
                0x0000202e                TurnFanOff
 .text.SetFan   0x0000208e       0xac objFiles/src/fans.o
                0x0000208e                SetFan
 .text.InitializeFans
                0x0000213a       0x40 objFiles/src/fans.o
                0x0000213a                InitializeFans
 .text.libgcc   0x0000217a       0x28 c:/winavr-20100110/bin/../lib/gcc/avr/4.3.3/avr51\libgcc.a(_udivmodhi4.o)
                0x0000217a                __udivmodhi4
                0x000021a2                . = ALIGN (0x2)
 *(.fini9)
 .fini9         0x000021a2        0x0 c:/winavr-20100110/bin/../lib/gcc/avr/4.3.3/avr51\libgcc.a(_exit.o)
                0x000021a2                exit
                0x000021a2                _exit
 *(.fini9)
 *(.fini8)
 *(.fini8)
 *(.fini7)
 *(.fini7)
 *(.fini6)
 *(.fini6)
 *(.fini5)
 *(.fini5)
 *(.fini4)
 *(.fini4)
 *(.fini3)
 *(.fini3)
 *(.fini2)
 *(.fini2)
 *(.fini1)
 *(.fini1)
 *(.fini0)
 .fini0         0x000021a2        0x4 c:/winavr-20100110/bin/../lib/gcc/avr/4.3.3/avr51\libgcc.a(_exit.o)
 *(.fini0)
                0x000021a6                _etext = .

.data           0x00800100       0x14 load address 0x000021a6
                0x00800100                PROVIDE (__data_start, .)
 *(.data)
 .data          0x00800100        0x1 objFiles/mainControl.o
                0x00800100                verbose
 .data          0x00800101        0x7 objFiles/src/usb_serial.o
 .data          0x00800108        0x1 objFiles/src/damper_Control.o
                0x00800108                DamperVerbose
 .data          0x00800109        0x1 objFiles/src/Sprinkler.o
                0x00800109                sprinklerVerbose
 .data          0x0080010a        0xa objFiles/src/fans.o
                0x00800112                FanThreeSpeed
                0x00800111                FanTwoSpeed
                0x0080010f                FanZeroSpeed
                0x0080010a                FanZeroStatus
                0x0080010e                FanFourStatus
                0x0080010d                FanThreeStatus
                0x0080010c                FanTwoStatus
                0x0080010b                FanOneStatus
                0x00800113                FanFourSpeed
                0x00800110                FanOneSpeed
 *(.data*)
 *(.rodata)
 *(.rodata*)
 *(.gnu.linkonce.d*)
                0x00800114                . = ALIGN (0x2)
                0x00800114                _edata = .
                0x00800114                PROVIDE (__data_end, .)

.bss            0x00800114        0xd
                0x00800114                PROVIDE (__bss_start, .)
 *(.bss)
 .bss           0x00800114        0x1 objFiles/mainControl.o
                0x00800114                invalidInput
 .bss           0x00800115        0x4 objFiles/src/usb_serial.o
 *(.bss*)
 *(COMMON)
 COMMON         0x00800119        0x8 objFiles/mainControl.o
                0x00800119                YCoolStatus
                0x0080011b                HVACStatus
                0x0080011d                WHeatStatus
                0x0080011f                GFanStatus
                0x00800121                PROVIDE (__bss_end, .)
                0x000021a6                __data_load_start = LOADADDR (.data)
                0x000021ba                __data_load_end = (__data_load_start + SIZEOF (.data))

.noinit         0x00800121        0x0
                0x00800121                PROVIDE (__noinit_start, .)
 *(.noinit*)
                0x00800121                PROVIDE (__noinit_end, .)
                0x00800121                _end = .
                0x00800121                PROVIDE (__heap_start, .)

.eeprom         0x00810000        0x0
 *(.eeprom*)
                0x00810000                __eeprom_end = .

.fuse
 *(.fuse)
 *(.lfuse)
 *(.hfuse)
 *(.efuse)

.lock
 *(.lock*)

.signature
 *(.signature*)

.stab
 *(.stab)

.stabstr
 *(.stabstr)

.stab.excl
 *(.stab.excl)

.stab.exclstr
 *(.stab.exclstr)

.stab.index
 *(.stab.index)

.stab.indexstr
 *(.stab.indexstr)

.comment
 *(.comment)

.debug
 *(.debug)

.line
 *(.line)

.debug_srcinfo
 *(.debug_srcinfo)

.debug_sfnames
 *(.debug_sfnames)

.debug_aranges  0x00000000      0x270
 *(.debug_aranges)
 .debug_aranges
                0x00000000       0x50 objFiles/mainControl.o
 .debug_aranges
                0x00000050       0xa0 objFiles/src/usb_serial.o
 .debug_aranges
                0x000000f0       0x60 objFiles/src/HVACGarage.o
 .debug_aranges
                0x00000150       0x40 objFiles/src/damper_Control.o
 .debug_aranges
                0x00000190       0x28 objFiles/src/tempSense.o
 .debug_aranges
                0x000001b8       0x28 objFiles/src/Sprinkler.o
 .debug_aranges
                0x000001e0       0x48 objFiles/src/PWMTeensyTwoPlusPlus.o
 .debug_aranges
                0x00000228       0x48 objFiles/src/fans.o

.debug_pubnames
                0x00000000      0x5f7
 *(.debug_pubnames)
 .debug_pubnames
                0x00000000       0xf1 objFiles/mainControl.o
 .debug_pubnames
                0x000000f1      0x1a6 objFiles/src/usb_serial.o
 .debug_pubnames
                0x00000297       0xd4 objFiles/src/HVACGarage.o
 .debug_pubnames
                0x0000036b       0x7b objFiles/src/damper_Control.o
 .debug_pubnames
                0x000003e6       0x31 objFiles/src/tempSense.o
 .debug_pubnames
                0x00000417       0x52 objFiles/src/Sprinkler.o
 .debug_pubnames
                0x00000469       0x71 objFiles/src/PWMTeensyTwoPlusPlus.o
 .debug_pubnames
                0x000004da      0x11d objFiles/src/fans.o

.debug_info     0x00000000     0x2166
 *(.debug_info)
 .debug_info    0x00000000      0xac6 objFiles/mainControl.o
 .debug_info    0x00000ac6      0x8a5 objFiles/src/usb_serial.o
 .debug_info    0x0000136b      0x1cf objFiles/src/HVACGarage.o
 .debug_info    0x0000153a      0x4ab objFiles/src/damper_Control.o
 .debug_info    0x000019e5      0x12d objFiles/src/tempSense.o
 .debug_info    0x00001b12      0x261 objFiles/src/Sprinkler.o
 .debug_info    0x00001d73      0x18d objFiles/src/PWMTeensyTwoPlusPlus.o
 .debug_info    0x00001f00      0x266 objFiles/src/fans.o
 *(.gnu.linkonce.wi.*)

.debug_abbrev   0x00000000      0x965
 *(.debug_abbrev)
 .debug_abbrev  0x00000000      0x22d objFiles/mainControl.o
 .debug_abbrev  0x0000022d      0x1d9 objFiles/src/usb_serial.o
 .debug_abbrev  0x00000406       0xa5 objFiles/src/HVACGarage.o
 .debug_abbrev  0x000004ab      0x1a5 objFiles/src/damper_Control.o
 .debug_abbrev  0x00000650       0xe1 objFiles/src/tempSense.o
 .debug_abbrev  0x00000731       0xb6 objFiles/src/Sprinkler.o
 .debug_abbrev  0x000007e7       0xdf objFiles/src/PWMTeensyTwoPlusPlus.o
 .debug_abbrev  0x000008c6       0x9f objFiles/src/fans.o

.debug_line     0x00000000     0x2e8a
 *(.debug_line)
 .debug_line    0x00000000      0x7e3 objFiles/mainControl.o
 .debug_line    0x000007e3      0xbe2 objFiles/src/usb_serial.o
 .debug_line    0x000013c5      0x27f objFiles/src/HVACGarage.o
 .debug_line    0x00001644      0x436 objFiles/src/damper_Control.o
 .debug_line    0x00001a7a      0x6f9 objFiles/src/tempSense.o
 .debug_line    0x00002173      0x2c6 objFiles/src/Sprinkler.o
 .debug_line    0x00002439      0x6a2 objFiles/src/PWMTeensyTwoPlusPlus.o
 .debug_line    0x00002adb      0x3af objFiles/src/fans.o

.debug_frame    0x00000000      0x3e0
 *(.debug_frame)
 .debug_frame   0x00000000       0x80 objFiles/mainControl.o
 .debug_frame   0x00000080      0x120 objFiles/src/usb_serial.o
 .debug_frame   0x000001a0       0xa0 objFiles/src/HVACGarage.o
 .debug_frame   0x00000240       0x60 objFiles/src/damper_Control.o
 .debug_frame   0x000002a0       0x30 objFiles/src/tempSense.o
 .debug_frame   0x000002d0       0x30 objFiles/src/Sprinkler.o
 .debug_frame   0x00000300       0x70 objFiles/src/PWMTeensyTwoPlusPlus.o
 .debug_frame   0x00000370       0x70 objFiles/src/fans.o

.debug_str      0x00000000      0x877
 *(.debug_str)
 .debug_str     0x00000000      0x24a objFiles/mainControl.o
                                0x2a4 (size before relaxing)
 .debug_str     0x0000024a      0x348 objFiles/src/usb_serial.o
                                0x467 (size before relaxing)
 .debug_str     0x00000592       0x71 objFiles/src/HVACGarage.o
                                0x18f (size before relaxing)
 .debug_str     0x00000603       0x7a objFiles/src/damper_Control.o
                                0x1ae (size before relaxing)
 .debug_str     0x0000067d       0x39 objFiles/src/tempSense.o
                                0x11e (size before relaxing)
 .debug_str     0x000006b6       0x51 objFiles/src/Sprinkler.o
                                0x12d (size before relaxing)
 .debug_str     0x00000707       0x7c objFiles/src/PWMTeensyTwoPlusPlus.o
                                0x159 (size before relaxing)
 .debug_str     0x00000783       0xf4 objFiles/src/fans.o
                                0x1e0 (size before relaxing)

.debug_loc      0x00000000     0x14af
 *(.debug_loc)
 .debug_loc     0x00000000      0x36a objFiles/mainControl.o
 .debug_loc     0x0000036a      0xa8b objFiles/src/usb_serial.o
 .debug_loc     0x00000df5       0x78 objFiles/src/HVACGarage.o
 .debug_loc     0x00000e6d      0x255 objFiles/src/damper_Control.o
 .debug_loc     0x000010c2       0x5e objFiles/src/tempSense.o
 .debug_loc     0x00001120       0x47 objFiles/src/Sprinkler.o
 .debug_loc     0x00001167      0x14b objFiles/src/PWMTeensyTwoPlusPlus.o
 .debug_loc     0x000012b2      0x1fd objFiles/src/fans.o

.debug_macinfo
 *(.debug_macinfo)
OUTPUT(mainControl.elf elf32-avr)
LOAD linker stubs

.debug_ranges   0x00000000      0x2d8
 .debug_ranges  0x00000000       0x48 objFiles/mainControl.o
 .debug_ranges  0x00000048       0xb0 objFiles/src/usb_serial.o
 .debug_ranges  0x000000f8       0x58 objFiles/src/HVACGarage.o
 .debug_ranges  0x00000150       0xc8 objFiles/src/damper_Control.o
 .debug_ranges  0x00000218       0x20 objFiles/src/tempSense.o
 .debug_ranges  0x00000238       0x20 objFiles/src/Sprinkler.o
 .debug_ranges  0x00000258       0x40 objFiles/src/PWMTeensyTwoPlusPlus.o
 .debug_ranges  0x00000298       0x40 objFiles/src/fans.o

Cross Reference Table

Symbol                                            File
ActivateDamper                                    objFiles/src/damper_Control.o
CharToSpeed                                       objFiles/src/fans.o
CheckDamper                                       objFiles/src/damper_Control.o
                                                  objFiles/mainControl.o
CloseDamper                                       objFiles/src/damper_Control.o
                                                  objFiles/mainControl.o
DamperVerbose                                     objFiles/src/damper_Control.o
FanFourSpeed                                      objFiles/src/fans.o
FanFourStatus                                     objFiles/src/fans.o
FanOneSpeed                                       objFiles/src/fans.o
FanOneStatus                                      objFiles/src/fans.o
FanSpeedStatus                                    objFiles/src/fans.o
                                                  objFiles/mainControl.o
FanStatus                                         objFiles/src/fans.o
                                                  objFiles/mainControl.o
FanThreeSpeed                                     objFiles/src/fans.o
FanThreeStatus                                    objFiles/src/fans.o
FanTwoSpeed                                       objFiles/src/fans.o
FanTwoStatus                                      objFiles/src/fans.o
FanZeroSpeed                                      objFiles/src/fans.o
FanZeroStatus                                     objFiles/src/fans.o
GFanStatus                                        objFiles/src/HVACGarage.o
                                                  objFiles/mainControl.o
HVACStatus                                        objFiles/src/HVACGarage.o
                                                  objFiles/mainControl.o
InitializeDamper                                  objFiles/src/damper_Control.o
                                                  objFiles/mainControl.o
InitializeFans                                    objFiles/src/fans.o
                                                  objFiles/mainControl.o
InitializeSprinkler                               objFiles/src/Sprinkler.o
                                                  objFiles/mainControl.o
OpenDamper                                        objFiles/src/damper_Control.o
                                                  objFiles/mainControl.o
PWMDuty                                           objFiles/src/PWMTeensyTwoPlusPlus.o
                                                  objFiles/src/fans.o
                                                  objFiles/mainControl.o
PWMEnableDisablePin                               objFiles/src/PWMTeensyTwoPlusPlus.o
PWMNew                                            objFiles/src/PWMTeensyTwoPlusPlus.o
                                                  objFiles/src/fans.o
                                                  objFiles/mainControl.o
PWMStart                                          objFiles/src/PWMTeensyTwoPlusPlus.o
                                                  objFiles/mainControl.o
PWMStartTimer                                     objFiles/src/PWMTeensyTwoPlusPlus.o
                                                  objFiles/src/fans.o
PWMStopTimer                                      objFiles/src/PWMTeensyTwoPlusPlus.o
PulseGarage                                       objFiles/src/HVACGarage.o
                                                  objFiles/mainControl.o
ReadADC                                           objFiles/src/tempSense.o
ReadGFan                                          objFiles/src/HVACGarage.o
                                                  objFiles/mainControl.o
ReadTempSensor                                    objFiles/src/tempSense.o
                                                  objFiles/mainControl.o
ReadWHeat                                         objFiles/src/HVACGarage.o
                                                  objFiles/mainControl.o
ReadYCool                                         objFiles/src/HVACGarage.o
                                                  objFiles/mainControl.o
SetFan                                            objFiles/src/fans.o
                                                  objFiles/mainControl.o
SetGFan                                           objFiles/src/HVACGarage.o
                                                  objFiles/mainControl.o
SetHVAC                                           objFiles/src/HVACGarage.o
                                                  objFiles/mainControl.o
SetWHeat                                          objFiles/src/HVACGarage.o
                                                  objFiles/mainControl.o
SetYCool                                          objFiles/src/HVACGarage.o
                                                  objFiles/mainControl.o
SprinklerCntrl                                    objFiles/src/Sprinkler.o
                                                  objFiles/mainControl.o
TurnFanOff                                        objFiles/src/fans.o
                                                  objFiles/mainControl.o
WHeatStatus                                       objFiles/src/HVACGarage.o
                                                  objFiles/mainControl.o
YCoolStatus                                       objFiles/src/HVACGarage.o
                                                  objFiles/mainControl.o
__bad_interrupt                                   c:/winavr-20100110/bin/../lib/gcc/avr/4.3.3/../../../../avr/lib/avr51/crtusb1286.o
__bss_end                                         c:/winavr-20100110/bin/../lib/gcc/avr/4.3.3/avr51\libgcc.a(_clear_bss.o)
__bss_start                                       c:/winavr-20100110/bin/../lib/gcc/avr/4.3.3/avr51\libgcc.a(_clear_bss.o)
__data_end                                        c:/winavr-20100110/bin/../lib/gcc/avr/4.3.3/../../../../avr/lib/avr51/crtusb1286.o
__data_load_start                                 c:/winavr-20100110/bin/../lib/gcc/avr/4.3.3/../../../../avr/lib/avr51/crtusb1286.o
__data_start                                      c:/winavr-20100110/bin/../lib/gcc/avr/4.3.3/../../../../avr/lib/avr51/crtusb1286.o
__do_clear_bss                                    c:/winavr-20100110/bin/../lib/gcc/avr/4.3.3/avr51\libgcc.a(_clear_bss.o)
                                                  objFiles/src/HVACGarage.o
                                                  objFiles/src/usb_serial.o
                                                  objFiles/mainControl.o
__do_copy_data                                    c:/winavr-20100110/bin/../lib/gcc/avr/4.3.3/../../../../avr/lib/avr51/crtusb1286.o
                                                  objFiles/src/fans.o
                                                  objFiles/src/Sprinkler.o
                                                  objFiles/src/damper_Control.o
                                                  objFiles/src/usb_serial.o
                                                  objFiles/mainControl.o
__heap_end                                        c:/winavr-20100110/bin/../lib/gcc/avr/4.3.3/../../../../avr/lib/avr51/crtusb1286.o
__init                                            c:/winavr-20100110/bin/../lib/gcc/avr/4.3.3/../../../../avr/lib/avr51/crtusb1286.o
__stack                                           c:/winavr-20100110/bin/../lib/gcc/avr/4.3.3/../../../../avr/lib/avr51/crtusb1286.o
__udivmodhi4                                      c:/winavr-20100110/bin/../lib/gcc/avr/4.3.3/avr51\libgcc.a(_udivmodhi4.o)
                                                  objFiles/src/damper_Control.o
                                                  objFiles/mainControl.o
__vector_1                                        c:/winavr-20100110/bin/../lib/gcc/avr/4.3.3/../../../../avr/lib/avr51/crtusb1286.o
__vector_10                                       objFiles/src/usb_serial.o
                                                  c:/winavr-20100110/bin/../lib/gcc/avr/4.3.3/../../../../avr/lib/avr51/crtusb1286.o
__vector_11                                       objFiles/src/usb_serial.o
                                                  c:/winavr-20100110/bin/../lib/gcc/avr/4.3.3/../../../../avr/lib/avr51/crtusb1286.o
__vector_12                                       c:/winavr-20100110/bin/../lib/gcc/avr/4.3.3/../../../../avr/lib/avr51/crtusb1286.o
__vector_13                                       c:/winavr-20100110/bin/../lib/gcc/avr/4.3.3/../../../../avr/lib/avr51/crtusb1286.o
__vector_14                                       c:/winavr-20100110/bin/../lib/gcc/avr/4.3.3/../../../../avr/lib/avr51/crtusb1286.o
__vector_15                                       c:/winavr-20100110/bin/../lib/gcc/avr/4.3.3/../../../../avr/lib/avr51/crtusb1286.o
__vector_16                                       c:/winavr-20100110/bin/../lib/gcc/avr/4.3.3/../../../../avr/lib/avr51/crtusb1286.o
__vector_17                                       c:/winavr-20100110/bin/../lib/gcc/avr/4.3.3/../../../../avr/lib/avr51/crtusb1286.o
__vector_18                                       c:/winavr-20100110/bin/../lib/gcc/avr/4.3.3/../../../../avr/lib/avr51/crtusb1286.o
__vector_19                                       c:/winavr-20100110/bin/../lib/gcc/avr/4.3.3/../../../../avr/lib/avr51/crtusb1286.o
__vector_2                                        c:/winavr-20100110/bin/../lib/gcc/avr/4.3.3/../../../../avr/lib/avr51/crtusb1286.o
__vector_20                                       c:/winavr-20100110/bin/../lib/gcc/avr/4.3.3/../../../../avr/lib/avr51/crtusb1286.o
__vector_21                                       c:/winavr-20100110/bin/../lib/gcc/avr/4.3.3/../../../../avr/lib/avr51/crtusb1286.o
__vector_22                                       c:/winavr-20100110/bin/../lib/gcc/avr/4.3.3/../../../../avr/lib/avr51/crtusb1286.o
__vector_23                                       c:/winavr-20100110/bin/../lib/gcc/avr/4.3.3/../../../../avr/lib/avr51/crtusb1286.o
__vector_24                                       c:/winavr-20100110/bin/../lib/gcc/avr/4.3.3/../../../../avr/lib/avr51/crtusb1286.o
__vector_25                                       c:/winavr-20100110/bin/../lib/gcc/avr/4.3.3/../../../../avr/lib/avr51/crtusb1286.o
__vector_26                                       c:/winavr-20100110/bin/../lib/gcc/avr/4.3.3/../../../../avr/lib/avr51/crtusb1286.o
__vector_27                                       c:/winavr-20100110/bin/../lib/gcc/avr/4.3.3/../../../../avr/lib/avr51/crtusb1286.o
__vector_28                                       c:/winavr-20100110/bin/../lib/gcc/avr/4.3.3/../../../../avr/lib/avr51/crtusb1286.o
__vector_29                                       c:/winavr-20100110/bin/../lib/gcc/avr/4.3.3/../../../../avr/lib/avr51/crtusb1286.o
__vector_3                                        c:/winavr-20100110/bin/../lib/gcc/avr/4.3.3/../../../../avr/lib/avr51/crtusb1286.o
__vector_30                                       c:/winavr-20100110/bin/../lib/gcc/avr/4.3.3/../../../../avr/lib/avr51/crtusb1286.o
__vector_31                                       c:/winavr-20100110/bin/../lib/gcc/avr/4.3.3/../../../../avr/lib/avr51/crtusb1286.o
__vector_32                                       c:/winavr-20100110/bin/../lib/gcc/avr/4.3.3/../../../../avr/lib/avr51/crtusb1286.o
__vector_33                                       c:/winavr-20100110/bin/../lib/gcc/avr/4.3.3/../../../../avr/lib/avr51/crtusb1286.o
__vector_34                                       c:/winavr-20100110/bin/../lib/gcc/avr/4.3.3/../../../../avr/lib/avr51/crtusb1286.o
__vector_35                                       c:/winavr-20100110/bin/../lib/gcc/avr/4.3.3/../../../../avr/lib/avr51/crtusb1286.o
__vector_36                                       c:/winavr-20100110/bin/../lib/gcc/avr/4.3.3/../../../../avr/lib/avr51/crtusb1286.o
__vector_37                                       c:/winavr-20100110/bin/../lib/gcc/avr/4.3.3/../../../../avr/lib/avr51/crtusb1286.o
__vector_4                                        c:/winavr-20100110/bin/../lib/gcc/avr/4.3.3/../../../../avr/lib/avr51/crtusb1286.o
__vector_5                                        c:/winavr-20100110/bin/../lib/gcc/avr/4.3.3/../../../../avr/lib/avr51/crtusb1286.o
__vector_6                                        c:/winavr-20100110/bin/../lib/gcc/avr/4.3.3/../../../../avr/lib/avr51/crtusb1286.o
__vector_7                                        c:/winavr-20100110/bin/../lib/gcc/avr/4.3.3/../../../../avr/lib/avr51/crtusb1286.o
__vector_8                                        c:/winavr-20100110/bin/../lib/gcc/avr/4.3.3/../../../../avr/lib/avr51/crtusb1286.o
__vector_9                                        c:/winavr-20100110/bin/../lib/gcc/avr/4.3.3/../../../../avr/lib/avr51/crtusb1286.o
__vector_default                                  c:/winavr-20100110/bin/../lib/gcc/avr/4.3.3/../../../../avr/lib/avr51/crtusb1286.o
__vectors                                         c:/winavr-20100110/bin/../lib/gcc/avr/4.3.3/../../../../avr/lib/avr51/crtusb1286.o
_exit                                             c:/winavr-20100110/bin/../lib/gcc/avr/4.3.3/avr51\libgcc.a(_exit.o)
convertAsciiToInt                                 objFiles/mainControl.o
convert_by_division                               objFiles/mainControl.o
exit                                              c:/winavr-20100110/bin/../lib/gcc/avr/4.3.3/avr51\libgcc.a(_exit.o)
                                                  c:/winavr-20100110/bin/../lib/gcc/avr/4.3.3/../../../../avr/lib/avr51/crtusb1286.o
initializeGlobal                                  objFiles/mainControl.o
initializeHVACGarage                              objFiles/src/HVACGarage.o
                                                  objFiles/mainControl.o
invalidInput                                      objFiles/mainControl.o
main                                              objFiles/mainControl.o
                                                  c:/winavr-20100110/bin/../lib/gcc/avr/4.3.3/../../../../avr/lib/avr51/crtusb1286.o
parse_and_execute_command                         objFiles/mainControl.o
recv_str                                          objFiles/mainControl.o
send_str                                          objFiles/mainControl.o
                                                  objFiles/src/Sprinkler.o
                                                  objFiles/src/tempSense.o
                                                  objFiles/src/damper_Control.o
sprinklerVerbose                                  objFiles/src/Sprinkler.o
usb_configured                                    objFiles/src/usb_serial.o
                                                  objFiles/mainControl.o
usb_init                                          objFiles/src/usb_serial.o
                                                  objFiles/mainControl.o
usb_serial_available                              objFiles/src/usb_serial.o
usb_serial_flush_input                            objFiles/src/usb_serial.o
                                                  objFiles/mainControl.o
usb_serial_flush_output                           objFiles/src/usb_serial.o
usb_serial_get_baud                               objFiles/src/usb_serial.o
usb_serial_get_control                            objFiles/src/usb_serial.o
                                                  objFiles/mainControl.o
usb_serial_get_numbits                            objFiles/src/usb_serial.o
usb_serial_get_paritytype                         objFiles/src/usb_serial.o
usb_serial_get_stopbits                           objFiles/src/usb_serial.o
usb_serial_getchar                                objFiles/src/usb_serial.o
                                                  objFiles/mainControl.o
usb_serial_putchar                                objFiles/src/usb_serial.o
                                                  objFiles/src/damper_Control.o
                                                  objFiles/mainControl.o
usb_serial_putchar_nowait                         objFiles/src/usb_serial.o
usb_serial_set_control                            objFiles/src/usb_serial.o
usb_serial_write                                  objFiles/src/usb_serial.o
                                                  objFiles/src/damper_Control.o
                                                  objFiles/mainControl.o
verbose                                           objFiles/mainControl.o
